Component: ARM Compiler 5.06 update 7 (build 960) Tool: armlink [4d3601]

==============================================================================

Section Cross References

    startup_stm32f429xx.o(RESET) refers to startup_stm32f429xx.o(STACK) for __initial_sp
    startup_stm32f429xx.o(RESET) refers to startup_stm32f429xx.o(.text) for Reset_Handler
    startup_stm32f429xx.o(RESET) refers to stm32f4xx_it.o(i.NMI_Handler) for NMI_Handler
    startup_stm32f429xx.o(RESET) refers to stm32f4xx_it.o(i.HardFault_Handler) for HardFault_Handler
    startup_stm32f429xx.o(RESET) refers to stm32f4xx_it.o(i.MemManage_Handler) for MemManage_Handler
    startup_stm32f429xx.o(RESET) refers to stm32f4xx_it.o(i.BusFault_Handler) for BusFault_Handler
    startup_stm32f429xx.o(RESET) refers to stm32f4xx_it.o(i.UsageFault_Handler) for UsageFault_Handler
    startup_stm32f429xx.o(RESET) refers to stm32f4xx_it.o(i.SVC_Handler) for SVC_Handler
    startup_stm32f429xx.o(RESET) refers to stm32f4xx_it.o(i.DebugMon_Handler) for DebugMon_Handler
    startup_stm32f429xx.o(RESET) refers to stm32f4xx_it.o(i.PendSV_Handler) for PendSV_Handler
    startup_stm32f429xx.o(RESET) refers to stm32f4xx_it.o(i.SysTick_Handler) for SysTick_Handler
    startup_stm32f429xx.o(RESET) refers to stm32f4xx_it.o(i.EXTI0_IRQHandler) for EXTI0_IRQHandler
    startup_stm32f429xx.o(.text) refers to system_stm32f4xx.o(i.SystemInit) for SystemInit
    startup_stm32f429xx.o(.text) refers to entry.o(.ARM.Collect$$$$00000000) for __main
    system_stm32f4xx.o(i.SystemCoreClockUpdate) refers to system_stm32f4xx.o(.data) for SystemCoreClock
    system_stm32f4xx.o(i.SystemCoreClockUpdate) refers to system_stm32f4xx.o(.constdata) for AHBPrescTable
    stm32f4xx_hal.o(i.HAL_DeInit) refers to stm32f4xx_hal.o(i.HAL_MspDeInit) for HAL_MspDeInit
    stm32f4xx_hal.o(i.HAL_Delay) refers to stm32f4xx_hal.o(i.HAL_GetTick) for HAL_GetTick
    stm32f4xx_hal.o(i.HAL_Delay) refers to stm32f4xx_hal.o(.data) for uwTickFreq
    stm32f4xx_hal.o(i.HAL_GetTick) refers to stm32f4xx_hal.o(.data) for uwTick
    stm32f4xx_hal.o(i.HAL_GetTickFreq) refers to stm32f4xx_hal.o(.data) for uwTickFreq
    stm32f4xx_hal.o(i.HAL_GetTickPrio) refers to stm32f4xx_hal.o(.data) for uwTickPrio
    stm32f4xx_hal.o(i.HAL_IncTick) refers to stm32f4xx_hal.o(.data) for uwTick
    stm32f4xx_hal.o(i.HAL_Init) refers to stm32f4xx_hal_cortex.o(i.HAL_NVIC_SetPriorityGrouping) for HAL_NVIC_SetPriorityGrouping
    stm32f4xx_hal.o(i.HAL_Init) refers to stm32f4xx_hal.o(i.HAL_InitTick) for HAL_InitTick
    stm32f4xx_hal.o(i.HAL_Init) refers to stm32f4xx_hal.o(i.HAL_MspInit) for HAL_MspInit
    stm32f4xx_hal.o(i.HAL_InitTick) refers to stm32f4xx_hal_cortex.o(i.HAL_SYSTICK_Config) for HAL_SYSTICK_Config
    stm32f4xx_hal.o(i.HAL_InitTick) refers to stm32f4xx_hal_cortex.o(i.HAL_NVIC_SetPriority) for HAL_NVIC_SetPriority
    stm32f4xx_hal.o(i.HAL_InitTick) refers to stm32f4xx_hal.o(.data) for uwTickFreq
    stm32f4xx_hal.o(i.HAL_InitTick) refers to system_stm32f4xx.o(.data) for SystemCoreClock
    stm32f4xx_hal.o(i.HAL_SetTickFreq) refers to stm32f4xx_hal.o(i.HAL_InitTick) for HAL_InitTick
    stm32f4xx_hal.o(i.HAL_SetTickFreq) refers to stm32f4xx_hal.o(.data) for uwTickFreq
    stm32f4xx_hal_adc.o(i.ADC_DMAConvCplt) refers to stm32f4xx_hal_adc.o(i.HAL_ADC_ConvCpltCallback) for HAL_ADC_ConvCpltCallback
    stm32f4xx_hal_adc.o(i.ADC_DMAError) refers to stm32f4xx_hal_adc.o(i.HAL_ADC_ErrorCallback) for HAL_ADC_ErrorCallback
    stm32f4xx_hal_adc.o(i.ADC_DMAHalfConvCplt) refers to stm32f4xx_hal_adc.o(i.HAL_ADC_ConvHalfCpltCallback) for HAL_ADC_ConvHalfCpltCallback
    stm32f4xx_hal_adc.o(i.HAL_ADC_ConfigChannel) refers to system_stm32f4xx.o(.data) for SystemCoreClock
    stm32f4xx_hal_adc.o(i.HAL_ADC_DeInit) refers to stm32f4xx_hal_adc.o(i.HAL_ADC_MspDeInit) for HAL_ADC_MspDeInit
    stm32f4xx_hal_adc.o(i.HAL_ADC_IRQHandler) refers to stm32f4xx_hal_adc.o(i.HAL_ADC_ConvCpltCallback) for HAL_ADC_ConvCpltCallback
    stm32f4xx_hal_adc.o(i.HAL_ADC_IRQHandler) refers to stm32f4xx_hal_adc_ex.o(i.HAL_ADCEx_InjectedConvCpltCallback) for HAL_ADCEx_InjectedConvCpltCallback
    stm32f4xx_hal_adc.o(i.HAL_ADC_IRQHandler) refers to stm32f4xx_hal_adc.o(i.HAL_ADC_LevelOutOfWindowCallback) for HAL_ADC_LevelOutOfWindowCallback
    stm32f4xx_hal_adc.o(i.HAL_ADC_IRQHandler) refers to stm32f4xx_hal_adc.o(i.HAL_ADC_ErrorCallback) for HAL_ADC_ErrorCallback
    stm32f4xx_hal_adc.o(i.HAL_ADC_Init) refers to stm32f4xx_hal_adc.o(i.HAL_ADC_MspInit) for HAL_ADC_MspInit
    stm32f4xx_hal_adc.o(i.HAL_ADC_Init) refers to stm32f4xx_hal_adc.o(i.ADC_Init) for ADC_Init
    stm32f4xx_hal_adc.o(i.HAL_ADC_PollForConversion) refers to stm32f4xx_hal.o(i.HAL_GetTick) for HAL_GetTick
    stm32f4xx_hal_adc.o(i.HAL_ADC_PollForEvent) refers to stm32f4xx_hal.o(i.HAL_GetTick) for HAL_GetTick
    stm32f4xx_hal_adc.o(i.HAL_ADC_Start) refers to system_stm32f4xx.o(.data) for SystemCoreClock
[...]
    ..\Libraries\STM32F4xx_HAL_Driver\Src\stm32f4xx_hal_dsi.c 0x00000000   Number         0  stm32f4xx_hal_dsi.o ABSOLUTE
    ..\Libraries\STM32F4xx_HAL_Driver\Src\stm32f4xx_hal_eth.c 0x00000000   Number         0  stm32f4xx_hal_eth.o ABSOLUTE
    ..\Libraries\STM32F4xx_HAL_Driver\Src\stm32f4xx_hal_flash.c 0x00000000   Number         0  stm32f4xx_hal_flash.o ABSOLUTE
    ..\Libraries\STM32F4xx_HAL_Driver\Src\stm32f4xx_hal_flash_ex.c 0x00000000   Number         0  stm32f4xx_hal_flash_ex.o ABSOLUTE
    ..\Libraries\STM32F4xx_HAL_Driver\Src\stm32f4xx_hal_flash_ramfunc.c 0x00000000   Number         0  stm32f4xx_hal_flash_ramfunc.o ABSOLUTE
    ..\Libraries\STM32F4xx_HAL_Driver\Src\stm32f4xx_hal_fmpi2c.c 0x00000000   Number         0  stm32f4xx_hal_fmpi2c.o ABSOLUTE
    ..\Libraries\STM32F4xx_HAL_Driver\Src\stm32f4xx_hal_fmpi2c_ex.c 0x00000000   Number         0  stm32f4xx_hal_fmpi2c_ex.o ABSOLUTE
    ..\Libraries\STM32F4xx_HAL_Driver\Src\stm32f4xx_hal_gpio.c 0x00000000   Number         0  stm32f4xx_hal_gpio.o ABSOLUTE
    ..\Libraries\STM32F4xx_HAL_Driver\Src\stm32f4xx_hal_hash.c 0x00000000   Number         0  stm32f4xx_hal_hash.o ABSOLUTE
    ..\Libraries\STM32F4xx_HAL_Driver\Src\stm32f4xx_hal_hash_ex.c 0x00000000   Number         0  stm32f4xx_hal_hash_ex.o ABSOLUTE
    ..\Libraries\STM32F4xx_HAL_Driver\Src\stm32f4xx_hal_hcd.c 0x00000000   Number         0  stm32f4xx_hal_hcd.o ABSOLUTE
    ..\Libraries\STM32F4xx_HAL_Driver\Src\stm32f4xx_hal_i2c.c 0x00000000   Number         0  stm32f4xx_hal_i2c.o ABSOLUTE
    ..\Libraries\STM32F4xx_HAL_Driver\Src\stm32f4xx_hal_i2c_ex.c 0x00000000   Number         0  stm32f4xx_hal_i2c_ex.o ABSOLUTE
    ..\Libraries\STM32F4xx_HAL_Driver\Src\stm32f4xx_hal_i2s.c 0x00000000   Number         0  stm32f4xx_hal_i2s.o ABSOLUTE
    ..\Libraries\STM32F4xx_HAL_Driver\Src\stm32f4xx_hal_i2s_ex.c 0x00000000   Number         0  stm32f4xx_hal_i2s_ex.o ABSOLUTE
    ..\Libraries\STM32F4xx_HAL_Driver\Src\stm32f4xx_hal_irda.c 0x00000000   Number         0  stm32f4xx_hal_irda.o ABSOLUTE
    ..\Libraries\STM32F4xx_HAL_Driver\Src\stm32f4xx_hal_iwdg.c 0x00000000   Number         0  stm32f4xx_hal_iwdg.o ABSOLUTE
    ..\Libraries\STM32F4xx_HAL_Driver\Src\stm32f4xx_hal_lptim.c 0x00000000   Number         0  stm32f4xx_hal_lptim.o ABSOLUTE
    ..\Libraries\STM32F4xx_HAL_Driver\Src\stm32f4xx_hal_ltdc.c 0x00000000   Number         0  stm32f4xx_hal_ltdc.o ABSOLUTE
    ..\Libraries\STM32F4xx_HAL_Driver\Src\stm32f4xx_hal_ltdc_ex.c 0x00000000   Number         0  stm32f4xx_hal_ltdc_ex.o ABSOLUTE
    ..\Libraries\STM32F4xx_HAL_Driver\Src\stm32f4xx_hal_mmc.c 0x00000000   Number         0  stm32f4xx_hal_mmc.o ABSOLUTE
    ..\Libraries\STM32F4xx_HAL_Driver\Src\stm32f4xx_hal_nand.c 0x00000000   Number         0  stm32f4xx_hal_nand.o ABSOLUTE
    ..\Libraries\STM32F4xx_HAL_Driver\Src\stm32f4xx_hal_nor.c 0x00000000   Number         0  stm32f4xx_hal_nor.o ABSOLUTE
    ..\Libraries\STM32F4xx_HAL_Driver\Src\stm32f4xx_hal_pccard.c 0x00000000   Number         0  stm32f4xx_hal_pccard.o ABSOLUTE
    ..\Libraries\STM32F4xx_HAL_Driver\Src\stm32f4xx_hal_pcd.c 0x00000000   Number         0  stm32f4xx_hal_pcd.o ABSOLUTE
    ..\Libraries\STM32F4xx_HAL_Driver\Src\stm32f4xx_hal_pcd_ex.c 0x00000000   Number         0  stm32f4xx_hal_pcd_ex.o ABSOLUTE
    ..\Libraries\STM32F4xx_HAL_Driver\Src\stm32f4xx_hal_pwr.c 0x00000000   Number         0  stm32f4xx_hal_pwr.o ABSOLUTE
    ..\Libraries\STM32F4xx_HAL_Driver\Src\stm32f4xx_hal_pwr_ex.c 0x00000000   Number         0  stm32f4xx_hal_pwr_ex.o ABSOLUTE
    ..\Libraries\STM32F4xx_HAL_Driver\Src\stm32f4xx_hal_qspi.c 0x00000000   Number         0  stm32f4xx_hal_qspi.o ABSOLUTE
    ..\Libraries\STM32F4xx_HAL_Driver\Src\stm32f4xx_hal_rcc.c 0x00000000   Number         0  stm32f4xx_hal_rcc.o ABSOLUTE
    ..\Libraries\STM32F4xx_HAL_Driver\Src\stm32f4xx_hal_rcc_ex.c 0x00000000   Number         0  stm32f4xx_hal_rcc_ex.o ABSOLUTE
    ..\Libraries\STM32F4xx_HAL_Driver\Src\stm32f4xx_hal_rng.c 0x00000000   Number         0  stm32f4xx_hal_rng.o ABSOLUTE
    ..\Libraries\STM32F4xx_HAL_Driver\Src\stm32f4xx_hal_rtc.c 0x00000000   Number         0  stm32f4xx_hal_rtc.o ABSOLUTE
    ..\Libraries\STM32F4xx_HAL_Driver\Src\stm32f4xx_hal_rtc_ex.c 0x00000000   Number         0  stm32f4xx_hal_rtc_ex.o ABSOLUTE
    ..\Libraries\STM32F4xx_HAL_Driver\Src\stm32f4xx_hal_sai.c 0x00000000   Number         0  stm32f4xx_hal_sai.o ABSOLUTE
    ..\Libraries\STM32F4xx_HAL_Driver\Src\stm32f4xx_hal_sai_ex.c 0x00000000   Number         0  stm32f4xx_hal_sai_ex.o ABSOLUTE
    ..\Libraries\STM32F4xx_HAL_Driver\Src\stm32f4xx_hal_sd.c 0x00000000   Number         0  stm32f4xx_hal_sd.o ABSOLUTE
    ..\Libraries\STM32F4xx_HAL_Driver\Src\stm32f4xx_hal_sdram.c 0x00000000   Number         0  stm32f4xx_hal_sdram.o ABSOLUTE
    ..\Libraries\STM32F4xx_HAL_Driver\Src\stm32f4xx_hal_smartcard.c 0x00000000   Number         0  stm32f4xx_hal_smartcard.o ABSOLUTE
    ..\Libraries\STM32F4xx_HAL_Driver\Src\stm32f4xx_hal_spdifrx.c 0x00000000   Number         0  stm32f4xx_hal_spdifrx.o ABSOLUTE
    ..\Libraries\STM32F4xx_HAL_Driver\Src\stm32f4xx_hal_spi.c 0x00000000   Number         0  stm32f4xx_hal_spi.o ABSOLUTE
    ..\Libraries\STM32F4xx_HAL_Driver\Src\stm32f4xx_hal_sram.c 0x00000000   Number         0  stm32f4xx_hal_sram.o ABSOLUTE
    ..\Libraries\STM32F4xx_HAL_Driver\Src\stm32f4xx_hal_tim.c 0x00000000   Number         0  stm32f4xx_hal_tim.o ABSOLUTE
    ..\Libraries\STM32F4xx_HAL_Driver\Src\stm32f4xx_hal_tim_ex.c 0x00000000   Number         0  stm32f4xx_hal_tim_ex.o ABSOLUTE
    ..\Libraries\STM32F4xx_HAL_Driver\Src\stm32f4xx_hal_uart.c 0x00000000   Number         0  stm32f4xx_hal_uart.o ABSOLUTE
    ..\Libraries\STM32F4xx_HAL_Driver\Src\stm32f4xx_hal_usart.c 0x00000000   Number         0  stm32f4xx_hal_usart.o ABSOLUTE
    ..\Libraries\STM32F4xx_HAL_Driver\Src\stm32f4xx_hal_wwdg.c 0x00000000   Number         0  stm32f4xx_hal_wwdg.o ABSOLUTE
    ..\Libraries\STM32F4xx_HAL_Driver\Src\stm32f4xx_ll_fmc.c 0x00000000   Number         0  stm32f4xx_ll_fmc.o ABSOLUTE
    ..\Libraries\STM32F4xx_HAL_Driver\Src\stm32f4xx_ll_sdmmc.c 0x00000000   Number         0  stm32f4xx_ll_sdmmc.o ABSOLUTE
    ..\Libraries\STM32F4xx_HAL_Driver\Src\stm32f4xx_ll_usb.c 0x00000000   Number         0  stm32f4xx_ll_usb.o ABSOLUTE
    ..\User\lcd\bsp_lcd.c                    0x00000000   Number         0  bsp_lcd.o ABSOLUTE
    ..\User\led\bsp_led.c                    0x00000000   Number         0  bsp_led.o ABSOLUTE
    ..\User\main.c                           0x00000000   Number         0  main.o ABSOLUTE
    ..\User\sdram\bsp_sdram.c                0x00000000   Number         0  bsp_sdram.o ABSOLUTE
    ..\User\stm32f4xx_it.c                   0x00000000   Number         0  stm32f4xx_it.o ABSOLUTE
    ..\User\touch\bsp_i2c_touch.c            0x00000000   Number         0  bsp_i2c_touch.o ABSOLUTE
    ..\User\touch\bsp_touch_gtxx.c           0x00000000   Number         0  bsp_touch_gtxx.o ABSOLUTE
    ..\User\usart\bsp_debug_usart.c          0x00000000   Number         0  bsp_debug_usart.o ABSOLUTE
    ..\\Libraries\\CMSIS\\Device\\ST\\STM32F4xx\\Source\\Templates\\system_stm32f4xx.c 0x00000000   Number         0  system_stm32f4xx.o ABSOLUTE
    ..\\Libraries\\STM32F4xx_HAL_Driver\\Src\\Legacy\\stm32f4xx_hal_can.c 0x00000000   Number         0  stm32f4xx_hal_can.o ABSOLUTE
    ..\\Libraries\\STM32F4xx_HAL_Driver\\Src\\stm32f4xx_hal.c 0x00000000   Number         0  stm32f4xx_hal.o ABSOLUTE
    ..\\Libraries\\STM32F4xx_HAL_Driver\\Src\\stm32f4xx_hal_adc.c 0x00000000   Number         0  stm32f4xx_hal_adc.o ABSOLUTE
    ..\\Libraries\\STM32F4xx_HAL_Driver\\Src\\stm32f4xx_hal_adc_ex.c 0x00000000   Number         0  stm32f4xx_hal_adc_ex.o ABSOLUTE
    ..\\Libraries\\STM32F4xx_HAL_Driver\\Src\\stm32f4xx_hal_cec.c 0x00000000   Number         0  stm32f4xx_hal_cec.o ABSOLUTE
    ..\\Libraries\\STM32F4xx_HAL_Driver\\Src\\stm32f4xx_hal_cortex.c 0x00000000   Number         0  stm32f4xx_hal_cortex.o ABSOLUTE
    ..\\Libraries\\STM32F4xx_HAL_Driver\\Src\\stm32f4xx_hal_crc.c 0x00000000   Number         0  stm32f4xx_hal_crc.o ABSOLUTE
    ..\\Libraries\\STM32F4xx_HAL_Driver\\Src\\stm32f4xx_hal_cryp.c 0x00000000   Number         0  stm32f4xx_hal_cryp.o ABSOLUTE
    ..\\Libraries\\STM32F4xx_HAL_Driver\\Src\\stm32f4xx_hal_cryp_ex.c 0x00000000   Number         0  stm32f4xx_hal_cryp_ex.o ABSOLUTE
    ..\\Libraries\\STM32F4xx_HAL_Driver\\Src\\stm32f4xx_hal_dac.c 0x00000000   Number         0  stm32f4xx_hal_dac.o ABSOLUTE
    ..\\Libraries\\STM32F4xx_HAL_Driver\\Src\\stm32f4xx_hal_dac_ex.c 0x00000000   Number         0  stm32f4xx_hal_dac_ex.o ABSOLUTE
    ..\\Libraries\\STM32F4xx_HAL_Driver\\Src\\stm32f4xx_hal_dcmi.c 0x00000000   Number         0  stm32f4xx_hal_dcmi.o ABSOLUTE
    ..\\Libraries\\STM32F4xx_HAL_Driver\\Src\\stm32f4xx_hal_dcmi_ex.c 0x00000000   Number         0  stm32f4xx_hal_dcmi_ex.o ABSOLUTE
    ..\\Libraries\\STM32F4xx_HAL_Driver\\Src\\stm32f4xx_hal_dfsdm.c 0x00000000   Number         0  stm32f4xx_hal_dfsdm.o ABSOLUTE
    ..\\Libraries\\STM32F4xx_HAL_Driver\\Src\\stm32f4xx_hal_dma.c 0x00000000   Number         0  stm32f4xx_hal_dma.o ABSOLUTE
    ..\\Libraries\\STM32F4xx_HAL_Driver\\Src\\stm32f4xx_hal_dma2d.c 0x00000000   Number         0  stm32f4xx_hal_dma2d.o ABSOLUTE
    ..\\Libraries\\STM32F4xx_HAL_Driver\\Src\\stm32f4xx_hal_dma_ex.c 0x00000000   Number         0  stm32f4xx_hal_dma_ex.o ABSOLUTE
    ..\\Libraries\\STM32F4xx_HAL_Driver\\Src\\stm32f4xx_hal_dsi.c 0x00000000   Number         0  stm32f4xx_hal_dsi.o ABSOLUTE
    ..\\Libraries\\STM32F4xx_HAL_Driver\\Src\\stm32f4xx_hal_eth.c 0x00000000   Number         0  stm32f4xx_hal_eth.o ABSOLUTE
    ..\\Libraries\\STM32F4xx_HAL_Driver\\Src\\stm32f4xx_hal_flash.c 0x00000000   Number         0  stm32f4xx_hal_flash.o ABSOLUTE
    ..\\Libraries\\STM32F4xx_HAL_Driver\\Src\\stm32f4xx_hal_flash_ex.c 0x00000000   Number         0  stm32f4xx_hal_flash_ex.o ABSOLUTE
    ..\\Libraries\\STM32F4xx_HAL_Driver\\Src\\stm32f4xx_hal_flash_ramfunc.c 0x00000000   Number         0  stm32f4xx_hal_flash_ramfunc.o ABSOLUTE
    ..\\Libraries\\STM32F4xx_HAL_Driver\\Src\\stm32f4xx_hal_fmpi2c.c 0x00000000   Number         0  stm32f4xx_hal_fmpi2c.o ABSOLUTE
    ..\\Libraries\\STM32F4xx_HAL_Driver\\Src\\stm32f4xx_hal_fmpi2c_ex.c 0x00000000   Number         0  stm32f4xx_hal_fmpi2c_ex.o ABSOLUTE
    ..\\Libraries\\STM32F4xx_HAL_Driver\\Src\\stm32f4xx_hal_gpio.c 0x00000000   Number         0  stm32f4xx_hal_gpio.o ABSOLUTE
    ..\\Libraries\\STM32F4xx_HAL_Driver\\Src\\stm32f4xx_hal_hash.c 0x00000000   Number         0  stm32f4xx_hal_hash.o ABSOLUTE
    ..\\Libraries\\STM32F4xx_HAL_Driver\\Src\\stm32f4xx_hal_hash_ex.c 0x00000000   Number         0  stm32f4xx_hal_hash_ex.o ABSOLUTE
    ..\\Libraries\\STM32F4xx_HAL_Driver\\Src\\stm32f4xx_hal_hcd.c 0x00000000   Number         0  stm32f4xx_hal_hcd.o ABSOLUTE
    ..\\Libraries\\STM32F4xx_HAL_Driver\\Src\\stm32f4xx_hal_i2c.c 0x00000000   Number         0  stm32f4xx_hal_i2c.o ABSOLUTE
    ..\\Libraries\\STM32F4xx_HAL_Driver\\Src\\stm32f4xx_hal_i2c_ex.c 0x00000000   Number         0  stm32f4xx_hal_i2c_ex.o ABSOLUTE
    ..\\Libraries\\STM32F4xx_HAL_Driver\\Src\\stm32f4xx_hal_i2s.c 0x00000000   Number         0  stm32f4xx_hal_i2s.o ABSOLUTE
    ..\\Libraries\\STM32F4xx_HAL_Driver\\Src\\stm32f4xx_hal_i2s_ex.c 0x00000000   Number         0  stm32f4xx_hal_i2s_ex.o ABSOLUTE
    ..\\Libraries\\STM32F4xx_HAL_Driver\\Src\\stm32f4xx_hal_irda.c 0x00000000   Number         0  stm32f4xx_hal_irda.o ABSOLUTE
    ..\\Libraries\\STM32F4xx_HAL_Driver\\Src\\stm32f4xx_hal_iwdg.c 0x00000000   Number         0  stm32f4xx_hal_iwdg.o ABSOLUTE
    ..\\Libraries\\STM32F4xx_HAL_Driver\\Src\\stm32f4xx_hal_lptim.c 0x00000000   Number         0  stm32f4xx_hal_lptim.o ABSOLUTE
    ..\\Libraries\\STM32F4xx_HAL_Driver\\Src\\stm32f4xx_hal_ltdc.c 0x00000000   Number         0  stm32f4xx_hal_ltdc.o ABSOLUTE
    ..\\Libraries\\STM32F4xx_HAL_Driver\\Src\\stm32f4xx_hal_ltdc_ex.c 0x00000000   Number         0  stm32f4xx_hal_ltdc_ex.o ABSOLUTE
    ..\\Libraries\\STM32F4xx_HAL_Driver\\Src\\stm32f4xx_hal_mmc.c 0x00000000   Number         0  stm32f4xx_hal_mmc.o ABSOLUTE
    ..\\Libraries\\STM32F4xx_HAL_Driver\\Src\\stm32f4xx_hal_nand.c 0x00000000   Number         0  stm32f4xx_hal_nand.o ABSOLUTE
    ..\\Libraries\\STM32F4xx_HAL_Driver\\Src\\stm32f4xx_hal_nor.c 0x00000000   Number         0  stm32f4xx_hal_nor.o ABSOLUTE
    ..\\Libraries\\STM32F4xx_HAL_Driver\\Src\\stm32f4xx_hal_pccard.c 0x00000000   Number         0  stm32f4xx_hal_pccard.o ABSOLUTE
    ..\\Libraries\\STM32F4xx_HAL_Driver\\Src\\stm32f4xx_hal_pcd.c 0x00000000   Number         0  stm32f4xx_hal_pcd.o ABSOLUTE
    ..\\Libraries\\STM32F4xx_HAL_Driver\\Src\\stm32f4xx_hal_pcd_ex.c 0x00000000   Number         0  stm32f4xx_hal_pcd_ex.o ABSOLUTE
    ..\\Libraries\\STM32F4xx_HAL_Driver\\Src\\stm32f4xx_hal_pwr.c 0x00000000   Number         0  stm32f4xx_hal_pwr.o ABSOLUTE
    ..\\Libraries\\STM32F4xx_HAL_Driver\\Src\\stm32f4xx_hal_pwr_ex.c 0x00000000   Number         0  stm32f4xx_hal_pwr_ex.o ABSOLUTE
    ..\\Libraries\\STM32F4xx_HAL_Driver\\Src\\stm32f4xx_hal_qspi.c 0x00000000   Number         0  stm32f4xx_hal_qspi.o ABSOLUTE
    ..\\Libraries\\STM32F4xx_HAL_Driver\\Src\\stm32f4xx_hal_rcc.c 0x00000000   Number         0  stm32f4xx_hal_rcc.o ABSOLUTE
    ..\\Libraries\\STM32F4xx_HAL_Driver\\Src\\stm32f4xx_hal_rcc_ex.c 0x00000000   Number         0  stm32f4xx_hal_rcc_ex.o ABSOLUTE
    ..\\Libraries\\STM32F4xx_HAL_Driver\\Src\\stm32f4xx_hal_rng.c 0x00000000   Number         0  stm32f4xx_hal_rng.o ABSOLUTE
    ..\\Libraries\\STM32F4xx_HAL_Driver\\Src\\stm32f4xx_hal_rtc.c 0x00000000   Number         0  stm32f4xx_hal_rtc.o ABSOLUTE
    ..\\Libraries\\STM32F4xx_HAL_Driver\\Src\\stm32f4xx_hal_rtc_ex.c 0x00000000   Number         0  stm32f4xx_hal_rtc_ex.o ABSOLUTE
    ..\\Libraries\\STM32F4xx_HAL_Driver\\Src\\stm32f4xx_hal_sai.c 0x00000000   Number         0  stm32f4xx_hal_sai.o ABSOLUTE
    ..\\Libraries\\STM32F4xx_HAL_Driver\\Src\\stm32f4xx_hal_sai_ex.c 0x00000000   Number         0  stm32f4xx_hal_sai_ex.o ABSOLUTE
    ..\\Libraries\\STM32F4xx_HAL_Driver\\Src\\stm32f4xx_hal_sd.c 0x00000000   Number         0  stm32f4xx_hal_sd.o ABSOLUTE
    ..\\Libraries\\STM32F4xx_HAL_Driver\\Src\\stm32f4xx_hal_sdram.c 0x00000000   Number         0  stm32f4xx_hal_sdram.o ABSOLUTE
    ..\\Libraries\\STM32F4xx_HAL_Driver\\Src\\stm32f4xx_hal_smartcard.c 0x00000000   Number         0  stm32f4xx_hal_smartcard.o ABSOLUTE
    ..\\Libraries\\STM32F4xx_HAL_Driver\\Src\\stm32f4xx_hal_spdifrx.c 0x00000000   Number         0  stm32f4xx_hal_spdifrx.o ABSOLUTE
    ..\\Libraries\\STM32F4xx_HAL_Driver\\Src\\stm32f4xx_hal_spi.c 0x00000000   Number         0  stm32f4xx_hal_spi.o ABSOLUTE
    ..\\Libraries\\STM32F4xx_HAL_Driver\\Src\\stm32f4xx_hal_sram.c 0x00000000   Number         0  stm32f4xx_hal_sram.o ABSOLUTE
    ..\\Libraries\\STM32F4xx_HAL_Driver\\Src\\stm32f4xx_hal_tim.c 0x00000000   Number         0  stm32f4xx_hal_tim.o ABSOLUTE
    ..\\Libraries\\STM32F4xx_HAL_Driver\\Src\\stm32f4xx_hal_tim_ex.c 0x00000000   Number         0  stm32f4xx_hal_tim_ex.o ABSOLUTE
    ..\\Libraries\\STM32F4xx_HAL_Driver\\Src\\stm32f4xx_hal_uart.c 0x00000000   Number         0  stm32f4xx_hal_uart.o ABSOLUTE
    ..\\Libraries\\STM32F4xx_HAL_Driver\\Src\\stm32f4xx_hal_usart.c 0x00000000   Number         0  stm32f4xx_hal_usart.o ABSOLUTE
    ..\\Libraries\\STM32F4xx_HAL_Driver\\Src\\stm32f4xx_hal_wwdg.c 0x00000000   Number         0  stm32f4xx_hal_wwdg.o ABSOLUTE
    ..\\Libraries\\STM32F4xx_HAL_Driver\\Src\\stm32f4xx_ll_fmc.c 0x00000000   Number         0  stm32f4xx_ll_fmc.o ABSOLUTE
    ..\\Libraries\\STM32F4xx_HAL_Driver\\Src\\stm32f4xx_ll_sdmmc.c 0x00000000   Number         0  stm32f4xx_ll_sdmmc.o ABSOLUTE
    ..\\Libraries\\STM32F4xx_HAL_Driver\\Src\\stm32f4xx_ll_usb.c 0x00000000   Number         0  stm32f4xx_ll_usb.o ABSOLUTE
    ..\\User\\lcd\\bsp_lcd.c                 0x00000000   Number         0  bsp_lcd.o ABSOLUTE
    ..\\User\\led\\bsp_led.c                 0x00000000   Number         0  bsp_led.o ABSOLUTE
    ..\\User\\main.c                         0x00000000   Number         0  main.o ABSOLUTE
    ..\\User\\sdram\\bsp_sdram.c             0x00000000   Number         0  bsp_sdram.o ABSOLUTE
    ..\\User\\stm32f4xx_it.c                 0x00000000   Number         0  stm32f4xx_it.o ABSOLUTE
    ..\\User\\touch\\bsp_i2c_touch.c         0x00000000   Number         0  bsp_i2c_touch.o ABSOLUTE
    ..\\User\\touch\\bsp_touch_gtxx.c        0x00000000   Number         0  bsp_touch_gtxx.o ABSOLUTE
    ..\\User\\usart\\bsp_debug_usart.c       0x00000000   Number         0  bsp_debug_usart.o ABSOLUTE
    cdrcmple.s                               0x00000000   Number         0  cdrcmple.o ABSOLUTE
    dc.s                                     0x00000000   Number         0  dc.o ABSOLUTE
    handlers.s                               0x00000000   Number         0  handlers.o ABSOLUTE
    init.s                                   0x00000000   Number         0  init.o ABSOLUTE
    RESET                                    0x08000000   Section      428  startup_stm32f429xx.o(RESET)
    .ARM.Collect$$$$00000000                 0x080001ac   Section        0  entry.o(.ARM.Collect$$$$00000000)
    .ARM.Collect$$$$00000001                 0x080001ac   Section        4  entry2.o(.ARM.Collect$$$$00000001)
    .ARM.Collect$$$$00000004                 0x080001b0   Section        4  entry5.o(.ARM.Collect$$$$00000004)
    .ARM.Collect$$$$00000008                 0x080001b4   Section        0  entry7b.o(.ARM.Collect$$$$00000008)
    .ARM.Collect$$$$0000000A                 0x080001b4   Section        0  entry8b.o(.ARM.Collect$$$$0000000A)
    .ARM.Collect$$$$0000000B                 0x080001b4   Section        8  entry9a.o(.ARM.Collect$$$$0000000B)
    .ARM.Collect$$$$0000000E                 0x080001bc   Section        4  entry12b.o(.ARM.Collect$$$$0000000E)
    .ARM.Collect$$$$0000000F                 0x080001c0   Section        0  entry10a.o(.ARM.Collect$$$$0000000F)
    .ARM.Collect$$$$00000011                 0x080001c0   Section        0  entry11a.o(.ARM.Collect$$$$00000011)
    .ARM.Collect$$$$00002712                 0x080001c0   Section        4  entry2.o(.ARM.Collect$$$$00002712)
    __lit__00000000                          0x080001c0   Data           4  entry2.o(.ARM.Collect$$$$00002712)
    .text                                    0x080001c4   Section       36  startup_stm32f429xx.o(.text)
    $v0                                      0x080001c4   Number         0  startup_stm32f429xx.o(.text)
    .text                                    0x080001e8   Section        0  uldiv.o(.text)
    .text                                    0x0800024a   Section        0  memcpya.o(.text)
    .text                                    0x0800026e   Section        0  llshl.o(.text)
    .text                                    0x0800028c   Section        0  llushr.o(.text)
    .text                                    0x080002ac   Section       36  init.o(.text)
    i.BusFault_Handler                       0x080002d0   Section        0  stm32f4xx_it.o(i.BusFault_Handler)
    i.DEBUG_USART_Config                     0x080002d4   Section        0  bsp_debug_usart.o(i.DEBUG_USART_Config)
    i.DMA2D_SetConfig                        0x08000300   Section        0  stm32f4xx_hal_dma2d.o(i.DMA2D_SetConfig)
    DMA2D_SetConfig                          0x08000301   Thumb Code   242  stm32f4xx_hal_dma2d.o(i.DMA2D_SetConfig)
    i.DebugMon_Handler                       0x080003f2   Section        0  stm32f4xx_it.o(i.DebugMon_Handler)
    i.Delay                                  0x080003f4   Section        0  main.o(i.Delay)
    i.Delay                                  0x08000406   Section        0  bsp_i2c_touch.o(i.Delay)
    Delay                                    0x08000407   Thumb Code    18  bsp_i2c_touch.o(i.Delay)
    i.DrawChar                               0x08000418   Section        0  bsp_lcd.o(i.DrawChar)
    DrawChar                                 0x08000419   Thumb Code   252  bsp_lcd.o(i.DrawChar)
    i.EXTI0_IRQHandler                       0x0800051c   Section        0  stm32f4xx_it.o(i.EXTI0_IRQHandler)
    i.FMC_SDRAM_Init                         0x0800051e   Section        0  stm32f4xx_ll_fmc.o(i.FMC_SDRAM_Init)
    i.FMC_SDRAM_ProgramRefreshRate           0x08000592   Section        0  stm32f4xx_ll_fmc.o(i.FMC_SDRAM_ProgramRefreshRate)
    i.FMC_SDRAM_SendCommand                  0x080005a0   Section        0  stm32f4xx_ll_fmc.o(i.FMC_SDRAM_SendCommand)
    i.FMC_SDRAM_Timing_Init                  0x080005f4   Section        0  stm32f4xx_ll_fmc.o(i.FMC_SDRAM_Timing_Init)
    i.GTP_Get_Info                           0x08000690   Section        0  bsp_touch_gtxx.o(i.GTP_Get_Info)
    GTP_Get_Info                             0x08000691   Thumb Code   226  bsp_touch_gtxx.o(i.GTP_Get_Info)
    i.GTP_I2C_Read                           0x080007b8   Section        0  bsp_touch_gtxx.o(i.GTP_I2C_Read)
    GTP_I2C_Read                             0x080007b9   Thumb Code   126  bsp_touch_gtxx.o(i.GTP_I2C_Read)
    i.GTP_I2C_Test                           0x0800083c   Section        0  bsp_touch_gtxx.o(i.GTP_I2C_Test)
    GTP_I2C_Test                             0x0800083d   Thumb Code    98  bsp_touch_gtxx.o(i.GTP_I2C_Test)
    i.GTP_Init_ReadID                        0x080008d8   Section        0  bsp_touch_gtxx.o(i.GTP_Init_ReadID)
    i.GTP_Read_Version                       0x08000934   Section        0  bsp_touch_gtxx.o(i.GTP_Read_Version)
    i.HAL_DMA2D_ConfigLayer                  0x08000cfc   Section        0  stm32f4xx_hal_dma2d.o(i.HAL_DMA2D_ConfigLayer)
    i.HAL_DMA2D_Init                         0x08000dd4   Section        0  stm32f4xx_hal_dma2d.o(i.HAL_DMA2D_Init)
    i.HAL_DMA2D_MspInit                      0x08000e34   Section        0  stm32f4xx_hal_dma2d.o(i.HAL_DMA2D_MspInit)
    i.HAL_DMA2D_PollForTransfer              0x08000e36   Section        0  stm32f4xx_hal_dma2d.o(i.HAL_DMA2D_PollForTransfer)
    i.HAL_DMA2D_Start                        0x08000f9e   Section        0  stm32f4xx_hal_dma2d.o(i.HAL_DMA2D_Start)
    i.HAL_Delay                              0x08000fec   Section        0  stm32f4xx_hal.o(i.HAL_Delay)
    i.HAL_GPIO_Init                          0x08001014   Section        0  stm32f4xx_hal_gpio.o(i.HAL_GPIO_Init)
    i.HAL_GPIO_WritePin                      0x08001230   Section        0  stm32f4xx_hal_gpio.o(i.HAL_GPIO_WritePin)
    i.HAL_GetTick                            0x0800123c   Section        0  stm32f4xx_hal.o(i.HAL_GetTick)
    i.HAL_I2CEx_ConfigAnalogFilter           0x08001248   Section        0  stm32f4xx_hal_i2c_ex.o(i.HAL_I2CEx_ConfigAnalogFilter)
    i.HAL_I2C_Init                           0x08001294   Section        0  stm32f4xx_hal_i2c.o(i.HAL_I2C_Init)
    i.HAL_I2C_Master_Receive                 0x080013bc   Section        0  stm32f4xx_hal_i2c.o(i.HAL_I2C_Master_Receive)
    i.HAL_I2C_Master_Transmit                0x080016e4   Section        0  stm32f4xx_hal_i2c.o(i.HAL_I2C_Master_Transmit)
    i.HAL_I2C_MspInit                        0x08001878   Section        0  stm32f4xx_hal_i2c.o(i.HAL_I2C_MspInit)
    i.HAL_IncTick                            0x0800187c   Section        0  stm32f4xx_hal.o(i.HAL_IncTick)
    i.HAL_InitTick                           0x08001894   Section        0  stm32f4xx_hal.o(i.HAL_InitTick)
    i.HAL_LTDC_ConfigLayer                   0x080018e0   Section        0  stm32f4xx_hal_ltdc.o(i.HAL_LTDC_ConfigLayer)
    i.HAL_LTDC_Init                          0x08001940   Section        0  stm32f4xx_hal_ltdc.o(i.HAL_LTDC_Init)
    i.HAL_LTDC_MspInit                       0x08001a5c   Section        0  stm32f4xx_hal_ltdc.o(i.HAL_LTDC_MspInit)
    i.HAL_LTDC_SetAlpha                      0x08001a5e   Section        0  stm32f4xx_hal_ltdc.o(i.HAL_LTDC_SetAlpha)
    i.HAL_NVIC_DisableIRQ                    0x08001abc   Section        0  stm32f4xx_hal_cortex.o(i.HAL_NVIC_DisableIRQ)
    i.HAL_NVIC_EnableIRQ                     0x08001ad8   Section        0  stm32f4xx_hal_cortex.o(i.HAL_NVIC_EnableIRQ)
    i.HAL_NVIC_SetPriority                   0x08001af2   Section        0  stm32f4xx_hal_cortex.o(i.HAL_NVIC_SetPriority)
    i.HAL_PWREx_EnableOverDrive              0x08001b70   Section        0  stm32f4xx_hal_pwr_ex.o(i.HAL_PWREx_EnableOverDrive)
    i.HAL_RCCEx_PeriphCLKConfig              0x08001bfc   Section        0  stm32f4xx_hal_rcc_ex.o(i.HAL_RCCEx_PeriphCLKConfig)
    i.HAL_RCC_ClockConfig                    0x08001ed4   Section        0  stm32f4xx_hal_rcc.o(i.HAL_RCC_ClockConfig)
    i.HAL_RCC_GetHCLKFreq                    0x08002054   Section        0  stm32f4xx_hal_rcc.o(i.HAL_RCC_GetHCLKFreq)
    i.HAL_RCC_GetPCLK1Freq                   0x08002060   Section        0  stm32f4xx_hal_rcc.o(i.HAL_RCC_GetPCLK1Freq)
    i.HAL_RCC_GetPCLK2Freq                   0x08002080   Section        0  stm32f4xx_hal_rcc.o(i.HAL_RCC_GetPCLK2Freq)
    i.HAL_RCC_GetSysClockFreq                0x080020a0   Section        0  stm32f4xx_hal_rcc.o(i.HAL_RCC_GetSysClockFreq)
    i.HAL_RCC_OscConfig                      0x08002150   Section        0  stm32f4xx_hal_rcc.o(i.HAL_RCC_OscConfig)
    i.HAL_SDRAM_Init                         0x08002598   Section        0  stm32f4xx_hal_sdram.o(i.HAL_SDRAM_Init)
    i.HAL_SDRAM_MspInit                      0x080025d8   Section        0  stm32f4xx_hal_sdram.o(i.HAL_SDRAM_MspInit)
    i.HAL_SDRAM_ProgramRefreshRate           0x080025da   Section        0  stm32f4xx_hal_sdram.o(i.HAL_SDRAM_ProgramRefreshRate)
    i.HAL_SDRAM_SendCommand                  0x08002602   Section        0  stm32f4xx_hal_sdram.o(i.HAL_SDRAM_SendCommand)
    i.HAL_SYSTICK_Config                     0x0800263c   Section        0  stm32f4xx_hal_cortex.o(i.HAL_SYSTICK_Config)
    i.HAL_UART_Init                          0x08002670   Section        0  stm32f4xx_hal_uart.o(i.HAL_UART_Init)
    i.HAL_UART_MspInit                       0x080026e4   Section        0  bsp_debug_usart.o(i.HAL_UART_MspInit)
    i.HAL_UART_Transmit                      0x08002798   Section        0  stm32f4xx_hal_uart.o(i.HAL_UART_Transmit)
    i.HardFault_Handler                      0x0800286e   Section        0  stm32f4xx_it.o(i.HardFault_Handler)
    i.I2C_GPIO_Config                        0x08002874   Section        0  bsp_i2c_touch.o(i.I2C_GPIO_Config)
    I2C_GPIO_Config                          0x08002875   Thumb Code   258  bsp_i2c_touch.o(i.I2C_GPIO_Config)
    i.I2C_GTP_IRQDisable                     0x08002988   Section        0  bsp_i2c_touch.o(i.I2C_GTP_IRQDisable)
    i.I2C_IsAcknowledgeFailed                0x080029dc   Section        0  stm32f4xx_hal_i2c.o(i.I2C_IsAcknowledgeFailed)
    I2C_IsAcknowledgeFailed                  0x080029dd   Thumb Code    52  stm32f4xx_hal_i2c.o(i.I2C_IsAcknowledgeFailed)
    i.I2C_MasterRequestRead                  0x08002a10   Section        0  stm32f4xx_hal_i2c.o(i.I2C_MasterRequestRead)
    I2C_MasterRequestRead                    0x08002a11   Thumb Code   298  stm32f4xx_hal_i2c.o(i.I2C_MasterRequestRead)
    i.I2C_MasterRequestWrite                 0x08002b40   Section        0  stm32f4xx_hal_i2c.o(i.I2C_MasterRequestWrite)
    I2C_MasterRequestWrite                   0x08002b41   Thumb Code   186  stm32f4xx_hal_i2c.o(i.I2C_MasterRequestWrite)
    i.I2C_Mode_Config                        0x08002c00   Section        0  bsp_i2c_touch.o(i.I2C_Mode_Config)
    I2C_Mode_Config                          0x08002c01   Thumb Code    50  bsp_i2c_touch.o(i.I2C_Mode_Config)
    i.I2C_ReadBytes                          0x08002c40   Section        0  bsp_i2c_touch.o(i.I2C_ReadBytes)
    i.I2C_ResetChip                          0x08002c6c   Section        0  bsp_i2c_touch.o(i.I2C_ResetChip)
    i.I2C_Touch_Init                         0x08002cf4   Section        0  bsp_i2c_touch.o(i.I2C_Touch_Init)
    i.I2C_Transfer                           0x08002d08   Section        0  bsp_touch_gtxx.o(i.I2C_Transfer)
    I2C_Transfer                             0x08002d09   Thumb Code   126  bsp_touch_gtxx.o(i.I2C_Transfer)
    i.I2C_WaitOnBTFFlagUntilTimeout          0x08002d86   Section        0  stm32f4xx_hal_i2c.o(i.I2C_WaitOnBTFFlagUntilTimeout)
    I2C_WaitOnBTFFlagUntilTimeout            0x08002d87   Thumb Code    86  stm32f4xx_hal_i2c.o(i.I2C_WaitOnBTFFlagUntilTimeout)
    i.I2C_WaitOnFlagUntilTimeout             0x08002ddc   Section        0  stm32f4xx_hal_i2c.o(i.I2C_WaitOnFlagUntilTimeout)
    I2C_WaitOnFlagUntilTimeout               0x08002ddd   Thumb Code   124  stm32f4xx_hal_i2c.o(i.I2C_WaitOnFlagUntilTimeout)
    i.I2C_WaitOnMasterAddressFlagUntilTimeout 0x08002e58   Section        0  stm32f4xx_hal_i2c.o(i.I2C_WaitOnMasterAddressFlagUntilTimeout)
    I2C_WaitOnMasterAddressFlagUntilTimeout  0x08002e59   Thumb Code   172  stm32f4xx_hal_i2c.o(i.I2C_WaitOnMasterAddressFlagUntilTimeout)
    i.I2C_WaitOnRXNEFlagUntilTimeout         0x08002f04   Section        0  stm32f4xx_hal_i2c.o(i.I2C_WaitOnRXNEFlagUntilTimeout)
    I2C_WaitOnRXNEFlagUntilTimeout           0x08002f05   Thumb Code   110  stm32f4xx_hal_i2c.o(i.I2C_WaitOnRXNEFlagUntilTimeout)
    i.I2C_WaitOnTXEFlagUntilTimeout          0x08002f72   Section        0  stm32f4xx_hal_i2c.o(i.I2C_WaitOnTXEFlagUntilTimeout)
    I2C_WaitOnTXEFlagUntilTimeout            0x08002f73   Thumb Code    86  stm32f4xx_hal_i2c.o(i.I2C_WaitOnTXEFlagUntilTimeout)
    i.I2C_WriteBytes                         0x08002fc8   Section        0  bsp_i2c_touch.o(i.I2C_WriteBytes)
    i.LCD_Clear                              0x08002ff4   Section        0  bsp_lcd.o(i.LCD_Clear)
    i.LCD_ClearLine                          0x08003034   Section        0  bsp_lcd.o(i.LCD_ClearLine)
    i.LCD_DisplayChar                        0x080030c0   Section        0  bsp_lcd.o(i.LCD_DisplayChar)
    i.LCD_DisplayOn                          0x08003128   Section        0  bsp_lcd.o(i.LCD_DisplayOn)
    i.LCD_DisplayStringAt                    0x08003158   Section        0  bsp_lcd.o(i.LCD_DisplayStringAt)
    i.LCD_DisplayStringLine                  0x08003280   Section        0  bsp_lcd.o(i.LCD_DisplayStringLine)
    i.LCD_DrawCircle                         0x080032a0   Section        0  bsp_lcd.o(i.LCD_DrawCircle)
    i.LCD_DrawHLine                          0x080033c8   Section        0  bsp_lcd.o(i.LCD_DrawHLine)
    i.LCD_DrawLine                           0x0800350c   Section        0  bsp_lcd.o(i.LCD_DrawLine)
    i.LCD_DrawPixel                          0x08003648   Section        0  bsp_lcd.o(i.LCD_DrawPixel)
    i.LCD_DrawRect                           0x080037a4   Section        0  bsp_lcd.o(i.LCD_DrawRect)
    i.LCD_DrawVLine                          0x080037e0   Section        0  bsp_lcd.o(i.LCD_DrawVLine)
    i.LCD_FillCircle                         0x08003928   Section        0  bsp_lcd.o(i.LCD_FillCircle)
    i.LCD_FillRect                           0x080039e0   Section        0  bsp_lcd.o(i.LCD_FillRect)
    i.LCD_GPIO_Config                        0x08003b3c   Section        0  bsp_lcd.o(i.LCD_GPIO_Config)
    LCD_GPIO_Config                          0x08003b3d   Thumb Code  1446  bsp_lcd.o(i.LCD_GPIO_Config)
    i.LCD_GetFont                            0x08004108   Section        0  bsp_lcd.o(i.LCD_GetFont)
    i.LCD_GetXSize                           0x08004124   Section        0  bsp_lcd.o(i.LCD_GetXSize)
    i.LCD_GetYSize                           0x08004144   Section        0  bsp_lcd.o(i.LCD_GetYSize)
    i.LCD_Init                               0x08004164   Section        0  bsp_lcd.o(i.LCD_Init)
    i.LCD_LayerInit                          0x080043ac   Section        0  bsp_lcd.o(i.LCD_LayerInit)
    i.LCD_SelectLayer                        0x0800444c   Section        0  bsp_lcd.o(i.LCD_SelectLayer)
    i.LCD_SetBackColor                       0x08004458   Section        0  bsp_lcd.o(i.LCD_SetBackColor)
    i.LCD_SetColors                          0x08004474   Section        0  bsp_lcd.o(i.LCD_SetColors)
    i.LCD_SetFont                            0x08004488   Section        0  bsp_lcd.o(i.LCD_SetFont)
    i.LCD_SetTextColor                       0x080044a4   Section        0  bsp_lcd.o(i.LCD_SetTextColor)
    i.LCD_SetTransparency                    0x080044bc   Section        0  bsp_lcd.o(i.LCD_SetTransparency)
    i.LCD_Test                               0x080044d4   Section        0  main.o(i.LCD_Test)
    i.LED_GPIO_Config                        0x08004a78   Section        0  bsp_led.o(i.LED_GPIO_Config)
    i.LL_FillBuffer                          0x08004b28   Section        0  bsp_lcd.o(i.LL_FillBuffer)
    LL_FillBuffer                            0x08004b29   Thumb Code   238  bsp_lcd.o(i.LL_FillBuffer)
    i.LTDC_SetConfig                         0x08004c28   Section        0  stm32f4xx_hal_ltdc.o(i.LTDC_SetConfig)
    LTDC_SetConfig                           0x08004c29   Thumb Code   530  stm32f4xx_hal_ltdc.o(i.LTDC_SetConfig)
    i.MemManage_Handler                      0x08004e3a   Section        0  stm32f4xx_it.o(i.MemManage_Handler)
    i.NMI_Handler                            0x08004e3e   Section        0  stm32f4xx_it.o(i.NMI_Handler)
    i.NVIC_GetPriorityGrouping               0x08004e40   Section        0  stm32f4xx_hal_cortex.o(i.NVIC_GetPriorityGrouping)
    NVIC_GetPriorityGrouping                 0x08004e41   Thumb Code    10  stm32f4xx_hal_cortex.o(i.NVIC_GetPriorityGrouping)
    i.NVIC_SetPriority                       0x08004e50   Section        0  stm32f4xx_hal_cortex.o(i.NVIC_SetPriority)
    NVIC_SetPriority                         0x08004e51   Thumb Code    32  stm32f4xx_hal_cortex.o(i.NVIC_SetPriority)
    i.PendSV_Handler                         0x08004e78   Section        0  stm32f4xx_it.o(i.PendSV_Handler)
    i.SDRAM_GPIO_Config                      0x08004e7c   Section        0  bsp_sdram.o(i.SDRAM_GPIO_Config)
    SDRAM_GPIO_Config                        0x08004e7d   Thumb Code  1710  bsp_sdram.o(i.SDRAM_GPIO_Config)
    i.SDRAM_Init                             0x08005544   Section        0  bsp_sdram.o(i.SDRAM_Init)
    i.SDRAM_InitSequence                     0x080055d8   Section        0  bsp_sdram.o(i.SDRAM_InitSequence)
    SDRAM_InitSequence                       0x080055d9   Thumb Code   138  bsp_sdram.o(i.SDRAM_InitSequence)
    i.SDRAM_delay                            0x0800566c   Section        0  bsp_sdram.o(i.SDRAM_delay)
    SDRAM_delay                              0x0800566d   Thumb Code    32  bsp_sdram.o(i.SDRAM_delay)
    i.SVC_Handler                            0x08005690   Section        0  stm32f4xx_it.o(i.SVC_Handler)
    i.SysTick_Handler                        0x08005692   Section        0  stm32f4xx_it.o(i.SysTick_Handler)
    i.SystemClock_Config                     0x0800569c   Section        0  main.o(i.SystemClock_Config)
    SystemClock_Config                       0x0800569d   Thumb Code   160  main.o(i.SystemClock_Config)
    i.SystemInit                             0x08005744   Section        0  system_stm32f4xx.o(i.SystemInit)
    i.UART_SetConfig                         0x080057a8   Section        0  stm32f4xx_hal_uart.o(i.UART_SetConfig)
    UART_SetConfig                           0x080057a9   Thumb Code   864  stm32f4xx_hal_uart.o(i.UART_SetConfig)
    i.UART_WaitOnFlagUntilTimeout            0x08005b10   Section        0  stm32f4xx_hal_uart.o(i.UART_WaitOnFlagUntilTimeout)
    UART_WaitOnFlagUntilTimeout              0x08005b11   Thumb Code   108  stm32f4xx_hal_uart.o(i.UART_WaitOnFlagUntilTimeout)
    i.UsageFault_Handler                     0x08005b7c   Section        0  stm32f4xx_it.o(i.UsageFault_Handler)
    i.__0printf$8                            0x08005b80   Section        0  printf8.o(i.__0printf$8)
    i.__0sprintf$8                           0x08005ba0   Section        0  printf8.o(i.__0sprintf$8)
    i.__scatterload_copy                     0x08005bc8   Section       14  handlers.o(i.__scatterload_copy)
    i.__scatterload_null                     0x08005bd6   Section        2  handlers.o(i.__scatterload_null)
    i.__scatterload_zeroinit                 0x08005bd8   Section       14  handlers.o(i.__scatterload_zeroinit)
    i._printf_core                           0x08005be8   Section        0  printf8.o(i._printf_core)
    _printf_core                             0x08005be9   Thumb Code   984  printf8.o(i._printf_core)
    i._printf_post_padding                   0x08005fec   Section        0  printf8.o(i._printf_post_padding)
    _printf_post_padding                     0x08005fed   Thumb Code    36  printf8.o(i._printf_post_padding)
    i._printf_pre_padding                    0x08006010   Section        0  printf8.o(i._printf_pre_padding)
    _printf_pre_padding                      0x08006011   Thumb Code    46  printf8.o(i._printf_pre_padding)
    i._sputc                                 0x0800603e   Section        0  printf8.o(i._sputc)
    _sputc                                   0x0800603f   Thumb Code    10  printf8.o(i._sputc)
    i.fputc                                  0x08006048   Section        0  bsp_debug_usart.o(i.fputc)
    i.main                                   0x08006064   Section        0  main.o(i.main)
    .constdata                               0x080060da   Section       24  system_stm32f4xx.o(.constdata)
    .constdata                               0x080060f2   Section    15616  bsp_lcd.o(.constdata)
    .constdata                               0x08009df4   Section      125  bsp_touch_gtxx.o(.constdata)
    __func__                                 0x08009e12   Data          13  bsp_touch_gtxx.o(.constdata)
    __func__                                 0x08009e1f   Data          13  bsp_touch_gtxx.o(.constdata)
    __func__                                 0x08009e2c   Data          14  bsp_touch_gtxx.o(.constdata)
    __func__                                 0x08009e3a   Data          16  bsp_touch_gtxx.o(.constdata)
    __func__                                 0x08009e4a   Data          17  bsp_touch_gtxx.o(.constdata)
    __func__                                 0x08009e64   Data          13  bsp_touch_gtxx.o(.constdata)
    .conststring                             0x08009e74   Section       80  bsp_touch_gtxx.o(.conststring)
    .data                                    0x20000000   Section        4  system_stm32f4xx.o(.data)
    .data                                    0x20000004   Section        9  stm32f4xx_hal.o(.data)
    .data                                    0x2000000d   Section        1  main.o(.data)
    testCNT                                  0x2000000d   Data           1  main.o(.data)
    .data                                    0x20000010   Section       45  bsp_lcd.o(.data)
    ActiveLayer                              0x20000038   Data           4  bsp_lcd.o(.data)
    .data                                    0x2000003d   Section        1  bsp_touch_gtxx.o(.data)
    .data                                    0x20000040   Section        4  stdout.o(.data)
    .bss                                     0x20000044   Section       64  bsp_debug_usart.o(.bss)
    .bss                                     0x20000084   Section       68  bsp_sdram.o(.bss)
    Command                                  0x20000084   Data          16  bsp_sdram.o(.bss)
    .bss                                     0x200000c8   Section      304  bsp_lcd.o(.bss)
    Ltdc_Handler                             0x200000c8   Data         168  bsp_lcd.o(.bss)
    Dma2d_Handler                            0x20000170   Data          64  bsp_lcd.o(.bss)
    DrawProp                                 0x200001b0   Data          24  bsp_lcd.o(.bss)
    periph_clk_init_struct                   0x200001c8   Data          48  bsp_lcd.o(.bss)
    .bss                                     0x200001f8   Section       84  bsp_i2c_touch.o(.bss)
    STACK                                    0x20000250   Section     1024  startup_stm32f429xx.o(STACK)

    Global Symbols

    Symbol Name                              Value     Ov Type        Size  Object(Section)

    BuildAttributes$$THM_ISAv4$E$P$D$K$B$S$7EM$VFPi3$EXTD16$VFPS$VFMA$PE$A:L22UL41UL21$X:L11$S22US41US21$IEEE1$IW$USESV6$~STKCKD$USESV7$~SHL$OSPACE$ROPI$EBA8$MICROLIB$REQ8$PRES8$EABIv2 0x00000000   Number         0  anon$$obj.o ABSOLUTE
    __ARM_use_no_argv                        0x00000000   Number         0  main.o ABSOLUTE
    _printf_a                                0x00000000   Number         0  stubs.o ABSOLUTE
    _printf_c                                0x00000000   Number         0  stubs.o ABSOLUTE
    _printf_charcount                        0x00000000   Number         0  stubs.o ABSOLUTE
    _printf_d                                0x00000000   Number         0  stubs.o ABSOLUTE
    _printf_e                                0x00000000   Number         0  stubs.o ABSOLUTE
    _printf_f                                0x00000000   Number         0  stubs.o ABSOLUTE
    _printf_flags                            0x00000000   Number         0  stubs.o ABSOLUTE
    _printf_fp_dec                           0x00000000   Number         0  stubs.o ABSOLUTE
    _printf_fp_hex                           0x00000000   Number         0  stubs.o ABSOLUTE
    _printf_g                                0x00000000   Number         0  stubs.o ABSOLUTE
    _printf_i                                0x00000000   Number         0  stubs.o ABSOLUTE
    _printf_int_dec                          0x00000000   Number         0  stubs.o ABSOLUTE
    _printf_l                                0x00000000   Number         0  stubs.o ABSOLUTE
    _printf_lc                               0x00000000   Number         0  stubs.o ABSOLUTE
    _printf_ll                               0x00000000   Number         0  stubs.o ABSOLUTE
    _printf_lld                              0x00000000   Number         0  stubs.o ABSOLUTE
    _printf_lli                              0x00000000   Number         0  stubs.o ABSOLUTE
    _printf_llo                              0x00000000   Number         0  stubs.o ABSOLUTE
    _printf_llu                              0x00000000   Number         0  stubs.o ABSOLUTE
    _printf_llx                              0x00000000   Number         0  stubs.o ABSOLUTE
    _printf_longlong_dec                     0x00000000   Number         0  stubs.o ABSOLUTE
    _printf_longlong_hex                     0x00000000   Number         0  stubs.o ABSOLUTE
    _printf_longlong_oct                     0x00000000   Number         0  stubs.o ABSOLUTE
    _printf_ls                               0x00000000   Number         0  stubs.o ABSOLUTE
    _printf_mbtowc                           0x00000000   Number         0  stubs.o ABSOLUTE
    _printf_n                                0x00000000   Number         0  stubs.o ABSOLUTE
    _printf_o                                0x00000000   Number         0  stubs.o ABSOLUTE
    _printf_p                                0x00000000   Number         0  stubs.o ABSOLUTE
    _printf_percent                          0x00000000   Number         0  stubs.o ABSOLUTE
    _printf_pre_padding                      0x00000000   Number         0  stubs.o ABSOLUTE
    _printf_return_value                     0x00000000   Number         0  stubs.o ABSOLUTE
    _printf_s                                0x00000000   Number         0  stubs.o ABSOLUTE
    _printf_sizespec                         0x00000000   Number         0  stubs.o ABSOLUTE
    _printf_str                              0x00000000   Number         0  stubs.o ABSOLUTE
    _printf_truncate_signed                  0x00000000   Number         0  stubs.o ABSOLUTE
    _printf_truncate_unsigned                0x00000000   Number         0  stubs.o ABSOLUTE
    _printf_u                                0x00000000   Number         0  stubs.o ABSOLUTE
    _printf_wc                               0x00000000   Number         0  stubs.o ABSOLUTE
    _printf_wctomb                           0x00000000   Number         0  stubs.o ABSOLUTE
    _printf_widthprec                        0x00000000   Number         0  stubs.o ABSOLUTE
    _printf_x                                0x00000000   Number         0  stubs.o ABSOLUTE
    __arm_fini_                               - Undefined Weak Reference
    __cpp_initialize__aeabi_                  - Undefined Weak Reference
    __cxa_finalize                            - Undefined Weak Reference
    __decompress                              - Undefined Weak Reference
    _clock_init                               - Undefined Weak Reference
    _microlib_exit                            - Undefined Weak Reference
    __Vectors_Size                           0x000001ac   Number         0  startup_stm32f429xx.o ABSOLUTE
    __Vectors                                0x08000000   Data           4  startup_stm32f429xx.o(RESET)
    __Vectors_End                            0x080001ac   Data           0  startup_stm32f429xx.o(RESET)
    __main                                   0x080001ad   Thumb Code     0  entry.o(.ARM.Collect$$$$00000000)
    _main_stk                                0x080001ad   Thumb Code     0  entry2.o(.ARM.Collect$$$$00000001)
    _main_scatterload                        0x080001b1   Thumb Code     0  entry5.o(.ARM.Collect$$$$00000004)
    __main_after_scatterload                 0x080001b5   Thumb Code     0  entry5.o(.ARM.Collect$$$$00000004)
    _main_clock                              0x080001b5   Thumb Code     0  entry7b.o(.ARM.Collect$$$$00000008)
    _main_cpp_init                           0x080001b5   Thumb Code     0  entry8b.o(.ARM.Collect$$$$0000000A)
    _main_init                               0x080001b5   Thumb Code     0  entry9a.o(.ARM.Collect$$$$0000000B)
    __rt_lib_shutdown_fini                   0x080001bd   Thumb Code     0  entry12b.o(.ARM.Collect$$$$0000000E)
    __rt_final_cpp                           0x080001c1   Thumb Code     0  entry10a.o(.ARM.Collect$$$$0000000F)
    __rt_final_exit                          0x080001c1   Thumb Code     0  entry11a.o(.ARM.Collect$$$$00000011)
    Reset_Handler                            0x080001c5   Thumb Code     8  startup_stm32f429xx.o(.text)
    ADC_IRQHandler                           0x080001df   Thumb Code     0  startup_stm32f429xx.o(.text)
    CAN1_RX0_IRQHandler                      0x080001df   Thumb Code     0  startup_stm32f429xx.o(.text)
    CAN1_RX1_IRQHandler                      0x080001df   Thumb Code     0  startup_stm32f429xx.o(.text)
    CAN1_SCE_IRQHandler                      0x080001df   Thumb Code     0  startup_stm32f429xx.o(.text)
    CAN1_TX_IRQHandler                       0x080001df   Thumb Code     0  startup_stm32f429xx.o(.text)
    CAN2_RX0_IRQHandler                      0x080001df   Thumb Code     0  startup_stm32f429xx.o(.text)
    CAN2_RX1_IRQHandler                      0x080001df   Thumb Code     0  startup_stm32f429xx.o(.text)
    CAN2_SCE_IRQHandler                      0x080001df   Thumb Code     0  startup_stm32f429xx.o(.text)
    CAN2_TX_IRQHandler                       0x080001df   Thumb Code     0  startup_stm32f429xx.o(.text)
    DCMI_IRQHandler                          0x080001df   Thumb Code     0  startup_stm32f429xx.o(.text)
    DMA1_Stream0_IRQHandler                  0x080001df   Thumb Code     0  startup_stm32f429xx.o(.text)
    DMA1_Stream1_IRQHandler                  0x080001df   Thumb Code     0  startup_stm32f429xx.o(.text)
    DMA1_Stream2_IRQHandler                  0x080001df   Thumb Code     0  startup_stm32f429xx.o(.text)
    DMA1_Stream3_IRQHandler                  0x080001df   Thumb Code     0  startup_stm32f429xx.o(.text)
    DMA1_Stream4_IRQHandler                  0x080001df   Thumb Code     0  startup_stm32f429xx.o(.text)
    DMA1_Stream5_IRQHandler                  0x080001df   Thumb Code     0  startup_stm32f429xx.o(.text)
    DMA1_Stream6_IRQHandler                  0x080001df   Thumb Code     0  startup_stm32f429xx.o(.text)
    DMA1_Stream7_IRQHandler                  0x080001df   Thumb Code     0  startup_stm32f429xx.o(.text)
    DMA2D_IRQHandler                         0x080001df   Thumb Code     0  startup_stm32f429xx.o(.text)
    DMA2_Stream0_IRQHandler                  0x080001df   Thumb Code     0  startup_stm32f429xx.o(.text)
    DMA2_Stream1_IRQHandler                  0x080001df   Thumb Code     0  startup_stm32f429xx.o(.text)
    DMA2_Stream2_IRQHandler                  0x080001df   Thumb Code     0  startup_stm32f429xx.o(.text)
    DMA2_Stream3_IRQHandler                  0x080001df   Thumb Code     0  startup_stm32f429xx.o(.text)
    DMA2_Stream4_IRQHandler                  0x080001df   Thumb Code     0  startup_stm32f429xx.o(.text)
    DMA2_Stream5_IRQHandler                  0x080001df   Thumb Code     0  startup_stm32f429xx.o(.text)
    DMA2_Stream6_IRQHandler                  0x080001df   Thumb Code     0  startup_stm32f429xx.o(.text)
    DMA2_Stream7_IRQHandler                  0x080001df   Thumb Code     0  startup_stm32f429xx.o(.text)
    ETH_IRQHandler                           0x080001df   Thumb Code     0  startup_stm32f429xx.o(.text)
    ETH_WKUP_IRQHandler                      0x080001df   Thumb Code     0  startup_stm32f429xx.o(.text)
    EXTI15_10_IRQHandler                     0x080001df   Thumb Code     0  startup_stm32f429xx.o(.text)
    EXTI1_IRQHandler                         0x080001df   Thumb Code     0  startup_stm32f429xx.o(.text)
    EXTI2_IRQHandler                         0x080001df   Thumb Code     0  startup_stm32f429xx.o(.text)
    EXTI3_IRQHandler                         0x080001df   Thumb Code     0  startup_stm32f429xx.o(.text)
    EXTI4_IRQHandler                         0x080001df   Thumb Code     0  startup_stm32f429xx.o(.text)
    EXTI9_5_IRQHandler                       0x080001df   Thumb Code     0  startup_stm32f429xx.o(.text)
    FLASH_IRQHandler                         0x080001df   Thumb Code     0  startup_stm32f429xx.o(.text)
    FMC_IRQHandler                           0x080001df   Thumb Code     0  startup_stm32f429xx.o(.text)
    FPU_IRQHandler                           0x080001df   Thumb Code     0  startup_stm32f429xx.o(.text)
    HASH_RNG_IRQHandler                      0x080001df   Thumb Code     0  startup_stm32f429xx.o(.text)
    I2C1_ER_IRQHandler                       0x080001df   Thumb Code     0  startup_stm32f429xx.o(.text)
    I2C1_EV_IRQHandler                       0x080001df   Thumb Code     0  startup_stm32f429xx.o(.text)
    I2C2_ER_IRQHandler                       0x080001df   Thumb Code     0  startup_stm32f429xx.o(.text)
    I2C2_EV_IRQHandler                       0x080001df   Thumb Code     0  startup_stm32f429xx.o(.text)
    I2C3_ER_IRQHandler                       0x080001df   Thumb Code     0  startup_stm32f429xx.o(.text)
    I2C3_EV_IRQHandler                       0x080001df   Thumb Code     0  startup_stm32f429xx.o(.text)
    LTDC_ER_IRQHandler                       0x080001df   Thumb Code     0  startup_stm32f429xx.o(.text)
    LTDC_IRQHandler                          0x080001df   Thumb Code     0  startup_stm32f429xx.o(.text)
    OTG_FS_IRQHandler                        0x080001df   Thumb Code     0  startup_stm32f429xx.o(.text)
    OTG_FS_WKUP_IRQHandler                   0x080001df   Thumb Code     0  startup_stm32f429xx.o(.text)
    OTG_HS_EP1_IN_IRQHandler                 0x080001df   Thumb Code     0  startup_stm32f429xx.o(.text)
    OTG_HS_EP1_OUT_IRQHandler                0x080001df   Thumb Code     0  startup_stm32f429xx.o(.text)
    OTG_HS_IRQHandler                        0x080001df   Thumb Code     0  startup_stm32f429xx.o(.text)
    OTG_HS_WKUP_IRQHandler                   0x080001df   Thumb Code     0  startup_stm32f429xx.o(.text)
    PVD_IRQHandler                           0x080001df   Thumb Code     0  startup_stm32f429xx.o(.text)
    RCC_IRQHandler                           0x080001df   Thumb Code     0  startup_stm32f429xx.o(.text)
    RTC_Alarm_IRQHandler                     0x080001df   Thumb Code     0  startup_stm32f429xx.o(.text)
    RTC_WKUP_IRQHandler                      0x080001df   Thumb Code     0  startup_stm32f429xx.o(.text)
    SAI1_IRQHandler                          0x080001df   Thumb Code     0  startup_stm32f429xx.o(.text)
    SDIO_IRQHandler                          0x080001df   Thumb Code     0  startup_stm32f429xx.o(.text)
    SPI1_IRQHandler                          0x080001df   Thumb Code     0  startup_stm32f429xx.o(.text)
    SPI2_IRQHandler                          0x080001df   Thumb Code     0  startup_stm32f429xx.o(.text)
    SPI3_IRQHandler                          0x080001df   Thumb Code     0  startup_stm32f429xx.o(.text)
    SPI4_IRQHandler                          0x080001df   Thumb Code     0  startup_stm32f429xx.o(.text)
    SPI5_IRQHandler                          0x080001df   Thumb Code     0  startup_stm32f429xx.o(.text)
    SPI6_IRQHandler                          0x080001df   Thumb Code     0  startup_stm32f429xx.o(.text)
    TAMP_STAMP_IRQHandler                    0x080001df   Thumb Code     0  startup_stm32f429xx.o(.text)
    TIM1_BRK_TIM9_IRQHandler                 0x080001df   Thumb Code     0  startup_stm32f429xx.o(.text)
    TIM1_CC_IRQHandler                       0x080001df   Thumb Code     0  startup_stm32f429xx.o(.text)
    TIM1_TRG_COM_TIM11_IRQHandler            0x080001df   Thumb Code     0  startup_stm32f429xx.o(.text)
    TIM1_UP_TIM10_IRQHandler                 0x080001df   Thumb Code     0  startup_stm32f429xx.o(.text)
    TIM2_IRQHandler                          0x080001df   Thumb Code     0  startup_stm32f429xx.o(.text)
    TIM3_IRQHandler                          0x080001df   Thumb Code     0  startup_stm32f429xx.o(.text)
    TIM4_IRQHandler                          0x080001df   Thumb Code     0  startup_stm32f429xx.o(.text)
    TIM5_IRQHandler                          0x080001df   Thumb Code     0  startup_stm32f429xx.o(.text)
    TIM6_DAC_IRQHandler                      0x080001df   Thumb Code     0  startup_stm32f429xx.o(.text)
    TIM7_IRQHandler                          0x080001df   Thumb Code     0  startup_stm32f429xx.o(.text)
    TIM8_BRK_TIM12_IRQHandler                0x080001df   Thumb Code     0  startup_stm32f429xx.o(.text)
    TIM8_CC_IRQHandler                       0x080001df   Thumb Code     0  startup_stm32f429xx.o(.text)
    TIM8_TRG_COM_TIM14_IRQHandler            0x080001df   Thumb Code     0  startup_stm32f429xx.o(.text)
    TIM8_UP_TIM13_IRQHandler                 0x080001df   Thumb Code     0  startup_stm32f429xx.o(.text)
    UART4_IRQHandler                         0x080001df   Thumb Code     0  startup_stm32f429xx.o(.text)
    UART5_IRQHandler                         0x080001df   Thumb Code     0  startup_stm32f429xx.o(.text)
    UART7_IRQHandler                         0x080001df   Thumb Code     0  startup_stm32f429xx.o(.text)
    UART8_IRQHandler                         0x080001df   Thumb Code     0  startup_stm32f429xx.o(.text)
    USART1_IRQHandler                        0x080001df   Thumb Code     0  startup_stm32f429xx.o(.text)
    USART2_IRQHandler                        0x080001df   Thumb Code     0  startup_stm32f429xx.o(.text)
    USART3_IRQHandler                        0x080001df   Thumb Code     0  startup_stm32f429xx.o(.text)
    USART6_IRQHandler                        0x080001df   Thumb Code     0  startup_stm32f429xx.o(.text)
    WWDG_IRQHandler                          0x080001df   Thumb Code     0  startup_stm32f429xx.o(.text)
    __aeabi_uldivmod                         0x080001e9   Thumb Code    98  uldiv.o(.text)
    __aeabi_memcpy                           0x0800024b   Thumb Code    36  memcpya.o(.text)
    __aeabi_memcpy4                          0x0800024b   Thumb Code     0  memcpya.o(.text)
    __aeabi_memcpy8                          0x0800024b   Thumb Code     0  memcpya.o(.text)
    __aeabi_llsl                             0x0800026f   Thumb Code    30  llshl.o(.text)
    _ll_shift_l                              0x0800026f   Thumb Code     0  llshl.o(.text)
    __aeabi_llsr                             0x0800028d   Thumb Code    32  llushr.o(.text)
    _ll_ushift_r                             0x0800028d   Thumb Code     0  llushr.o(.text)
    __scatterload                            0x080002ad   Thumb Code    28  init.o(.text)
    __scatterload_rt2                        0x080002ad   Thumb Code     0  init.o(.text)
    BusFault_Handler                         0x080002d1   Thumb Code     4  stm32f4xx_it.o(i.BusFault_Handler)
    DEBUG_USART_Config                       0x080002d5   Thumb Code    36  bsp_debug_usart.o(i.DEBUG_USART_Config)
    DebugMon_Handler                         0x080003f3   Thumb Code     2  stm32f4xx_it.o(i.DebugMon_Handler)
    Delay                                    0x080003f5   Thumb Code    18  main.o(i.Delay)
    EXTI0_IRQHandler                         0x0800051d   Thumb Code     2  stm32f4xx_it.o(i.EXTI0_IRQHandler)
    FMC_SDRAM_Init                           0x0800051f   Thumb Code   116  stm32f4xx_ll_fmc.o(i.FMC_SDRAM_Init)
    FMC_SDRAM_ProgramRefreshRate             0x08000593   Thumb Code    14  stm32f4xx_ll_fmc.o(i.FMC_SDRAM_ProgramRefreshRate)
    FMC_SDRAM_SendCommand                    0x080005a1   Thumb Code    82  stm32f4xx_ll_fmc.o(i.FMC_SDRAM_SendCommand)
    FMC_SDRAM_Timing_Init                    0x080005f5   Thumb Code   152  stm32f4xx_ll_fmc.o(i.FMC_SDRAM_Timing_Init)
    GTP_Init_ReadID                          0x080008d9   Thumb Code    46  bsp_touch_gtxx.o(i.GTP_Init_ReadID)
    GTP_Read_Version                         0x08000935   Thumb Code   616  bsp_touch_gtxx.o(i.GTP_Read_Version)
    HAL_DMA2D_ConfigLayer                    0x08000cfd   Thumb Code   212  stm32f4xx_hal_dma2d.o(i.HAL_DMA2D_ConfigLayer)
    HAL_DMA2D_Init                           0x08000dd5   Thumb Code    96  stm32f4xx_hal_dma2d.o(i.HAL_DMA2D_Init)
    HAL_DMA2D_MspInit                        0x08000e35   Thumb Code     2  stm32f4xx_hal_dma2d.o(i.HAL_DMA2D_MspInit)
    HAL_DMA2D_PollForTransfer                0x08000e37   Thumb Code   360  stm32f4xx_hal_dma2d.o(i.HAL_DMA2D_PollForTransfer)
    HAL_DMA2D_Start                          0x08000f9f   Thumb Code    78  stm32f4xx_hal_dma2d.o(i.HAL_DMA2D_Start)
    HAL_Delay                                0x08000fed   Thumb Code    36  stm32f4xx_hal.o(i.HAL_Delay)
    HAL_GPIO_Init                            0x08001015   Thumb Code   486  stm32f4xx_hal_gpio.o(i.HAL_GPIO_Init)
    HAL_GPIO_WritePin                        0x08001231   Thumb Code    12  stm32f4xx_hal_gpio.o(i.HAL_GPIO_WritePin)
    HAL_GetTick                              0x0800123d   Thumb Code     6  stm32f4xx_hal.o(i.HAL_GetTick)
    HAL_I2CEx_ConfigAnalogFilter             0x08001249   Thumb Code    76  stm32f4xx_hal_i2c_ex.o(i.HAL_I2CEx_ConfigAnalogFilter)
    HAL_I2C_Init                             0x08001295   Thumb Code   286  stm32f4xx_hal_i2c.o(i.HAL_I2C_Init)
    HAL_I2C_Master_Receive                   0x080013bd   Thumb Code   796  stm32f4xx_hal_i2c.o(i.HAL_I2C_Master_Receive)
    HAL_I2C_Master_Transmit                  0x080016e5   Thumb Code   396  stm32f4xx_hal_i2c.o(i.HAL_I2C_Master_Transmit)
    HAL_I2C_MspInit                          0x08001879   Thumb Code     2  stm32f4xx_hal_i2c.o(i.HAL_I2C_MspInit)
    HAL_IncTick                              0x0800187d   Thumb Code    16  stm32f4xx_hal.o(i.HAL_IncTick)
    HAL_InitTick                             0x08001895   Thumb Code    64  stm32f4xx_hal.o(i.HAL_InitTick)
    HAL_LTDC_ConfigLayer                     0x080018e1   Thumb Code    94  stm32f4xx_hal_ltdc.o(i.HAL_LTDC_ConfigLayer)
    HAL_LTDC_Init                            0x08001941   Thumb Code   278  stm32f4xx_hal_ltdc.o(i.HAL_LTDC_Init)
    HAL_LTDC_MspInit                         0x08001a5d   Thumb Code     2  stm32f4xx_hal_ltdc.o(i.HAL_LTDC_MspInit)
    HAL_LTDC_SetAlpha                        0x08001a5f   Thumb Code    92  stm32f4xx_hal_ltdc.o(i.HAL_LTDC_SetAlpha)
    HAL_NVIC_DisableIRQ                      0x08001abd   Thumb Code    22  stm32f4xx_hal_cortex.o(i.HAL_NVIC_DisableIRQ)
    HAL_NVIC_EnableIRQ                       0x08001ad9   Thumb Code    26  stm32f4xx_hal_cortex.o(i.HAL_NVIC_EnableIRQ)
    HAL_NVIC_SetPriority                     0x08001af3   Thumb Code   124  stm32f4xx_hal_cortex.o(i.HAL_NVIC_SetPriority)
    HAL_PWREx_EnableOverDrive                0x08001b71   Thumb Code   128  stm32f4xx_hal_pwr_ex.o(i.HAL_PWREx_EnableOverDrive)
    HAL_RCCEx_PeriphCLKConfig                0x08001bfd   Thumb Code   704  stm32f4xx_hal_rcc_ex.o(i.HAL_RCCEx_PeriphCLKConfig)
    HAL_RCC_ClockConfig                      0x08001ed5   Thumb Code   366  stm32f4xx_hal_rcc.o(i.HAL_RCC_ClockConfig)
    HAL_RCC_GetHCLKFreq                      0x08002055   Thumb Code     6  stm32f4xx_hal_rcc.o(i.HAL_RCC_GetHCLKFreq)
    HAL_RCC_GetPCLK1Freq                     0x08002061   Thumb Code    22  stm32f4xx_hal_rcc.o(i.HAL_RCC_GetPCLK1Freq)
    HAL_RCC_GetPCLK2Freq                     0x08002081   Thumb Code    22  stm32f4xx_hal_rcc.o(i.HAL_RCC_GetPCLK2Freq)
    HAL_RCC_GetSysClockFreq                  0x080020a1   Thumb Code   162  stm32f4xx_hal_rcc.o(i.HAL_RCC_GetSysClockFreq)
    HAL_RCC_OscConfig                        0x08002151   Thumb Code  1086  stm32f4xx_hal_rcc.o(i.HAL_RCC_OscConfig)
    HAL_SDRAM_Init                           0x08002599   Thumb Code    64  stm32f4xx_hal_sdram.o(i.HAL_SDRAM_Init)
    HAL_SDRAM_MspInit                        0x080025d9   Thumb Code     2  stm32f4xx_hal_sdram.o(i.HAL_SDRAM_MspInit)
    HAL_SDRAM_ProgramRefreshRate             0x080025db   Thumb Code    40  stm32f4xx_hal_sdram.o(i.HAL_SDRAM_ProgramRefreshRate)
    HAL_SDRAM_SendCommand                    0x08002603   Thumb Code    58  stm32f4xx_hal_sdram.o(i.HAL_SDRAM_SendCommand)
    HAL_SYSTICK_Config                       0x0800263d   Thumb Code    52  stm32f4xx_hal_cortex.o(i.HAL_SYSTICK_Config)
    HAL_UART_Init                            0x08002671   Thumb Code   114  stm32f4xx_hal_uart.o(i.HAL_UART_Init)
    HAL_UART_MspInit                         0x080026e5   Thumb Code   170  bsp_debug_usart.o(i.HAL_UART_MspInit)
    HAL_UART_Transmit                        0x08002799   Thumb Code   214  stm32f4xx_hal_uart.o(i.HAL_UART_Transmit)
    HardFault_Handler                        0x0800286f   Thumb Code     4  stm32f4xx_it.o(i.HardFault_Handler)
    I2C_GTP_IRQDisable                       0x08002989   Thumb Code    76  bsp_i2c_touch.o(i.I2C_GTP_IRQDisable)
    I2C_ReadBytes                            0x08002c41   Thumb Code    38  bsp_i2c_touch.o(i.I2C_ReadBytes)
    I2C_ResetChip                            0x08002c6d   Thumb Code   124  bsp_i2c_touch.o(i.I2C_ResetChip)
    I2C_Touch_Init                           0x08002cf5   Thumb Code    20  bsp_i2c_touch.o(i.I2C_Touch_Init)
    I2C_WriteBytes                           0x08002fc9   Thumb Code    38  bsp_i2c_touch.o(i.I2C_WriteBytes)
    LCD_Clear                                0x08002ff5   Thumb Code    56  bsp_lcd.o(i.LCD_Clear)
    LCD_ClearLine                            0x08003035   Thumb Code   132  bsp_lcd.o(i.LCD_ClearLine)
    LCD_DisplayChar                          0x080030c1   Thumb Code    96  bsp_lcd.o(i.LCD_DisplayChar)
    LCD_DisplayOn                            0x08003129   Thumb Code    40  bsp_lcd.o(i.LCD_DisplayOn)
    LCD_DisplayStringAt                      0x08003159   Thumb Code   286  bsp_lcd.o(i.LCD_DisplayStringAt)
    LCD_DisplayStringLine                    0x08003281   Thumb Code    30  bsp_lcd.o(i.LCD_DisplayStringLine)
    LCD_DrawCircle                           0x080032a1   Thumb Code   286  bsp_lcd.o(i.LCD_DrawCircle)
    LCD_DrawHLine                            0x080033c9   Thumb Code   310  bsp_lcd.o(i.LCD_DrawHLine)
    LCD_DrawLine                             0x0800350d   Thumb Code   306  bsp_lcd.o(i.LCD_DrawLine)
    LCD_DrawPixel                            0x08003649   Thumb Code   338  bsp_lcd.o(i.LCD_DrawPixel)
    LCD_DrawRect                             0x080037a5   Thumb Code    60  bsp_lcd.o(i.LCD_DrawRect)
    LCD_DrawVLine                            0x080037e1   Thumb Code   316  bsp_lcd.o(i.LCD_DrawVLine)
    LCD_FillCircle                           0x08003929   Thumb Code   174  bsp_lcd.o(i.LCD_FillCircle)
    LCD_FillRect                             0x080039e1   Thumb Code   336  bsp_lcd.o(i.LCD_FillRect)
    LCD_GetFont                              0x08004109   Thumb Code    18  bsp_lcd.o(i.LCD_GetFont)
    LCD_GetXSize                             0x08004125   Thumb Code    22  bsp_lcd.o(i.LCD_GetXSize)
    LCD_GetYSize                             0x08004145   Thumb Code    22  bsp_lcd.o(i.LCD_GetYSize)
    LCD_Init                                 0x08004165   Thumb Code   558  bsp_lcd.o(i.LCD_Init)
    LCD_LayerInit                            0x080043ad   Thumb Code   148  bsp_lcd.o(i.LCD_LayerInit)
    LCD_SelectLayer                          0x0800444d   Thumb Code     6  bsp_lcd.o(i.LCD_SelectLayer)
    LCD_SetBackColor                         0x08004459   Thumb Code    18  bsp_lcd.o(i.LCD_SetBackColor)
    LCD_SetColors                            0x08004475   Thumb Code    20  bsp_lcd.o(i.LCD_SetColors)
    LCD_SetFont                              0x08004489   Thumb Code    18  bsp_lcd.o(i.LCD_SetFont)
    LCD_SetTextColor                         0x080044a5   Thumb Code    16  bsp_lcd.o(i.LCD_SetTextColor)
    LCD_SetTransparency                      0x080044bd   Thumb Code    18  bsp_lcd.o(i.LCD_SetTransparency)
    LCD_Test                                 0x080044d5   Thumb Code  1430  main.o(i.LCD_Test)
    LED_GPIO_Config                          0x08004a79   Thumb Code   168  bsp_led.o(i.LED_GPIO_Config)
    MemManage_Handler                        0x08004e3b   Thumb Code     4  stm32f4xx_it.o(i.MemManage_Handler)
    NMI_Handler                              0x08004e3f   Thumb Code     2  stm32f4xx_it.o(i.NMI_Handler)
    PendSV_Handler                           0x08004e79   Thumb Code     2  stm32f4xx_it.o(i.PendSV_Handler)
    SDRAM_Init                               0x08005545   Thumb Code   134  bsp_sdram.o(i.SDRAM_Init)
    SVC_Handler                              0x08005691   Thumb Code     2  stm32f4xx_it.o(i.SVC_Handler)
    SysTick_Handler                          0x08005693   Thumb Code     8  stm32f4xx_it.o(i.SysTick_Handler)
    SystemInit                               0x08005745   Thumb Code    82  system_stm32f4xx.o(i.SystemInit)
    UsageFault_Handler                       0x08005b7d   Thumb Code     4  stm32f4xx_it.o(i.UsageFault_Handler)
    __0printf$8                              0x08005b81   Thumb Code    22  printf8.o(i.__0printf$8)
    __1printf$8                              0x08005b81   Thumb Code     0  printf8.o(i.__0printf$8)
    __2printf                                0x08005b81   Thumb Code     0  printf8.o(i.__0printf$8)
    __0sprintf$8                             0x08005ba1   Thumb Code    34  printf8.o(i.__0sprintf$8)
    __1sprintf$8                             0x08005ba1   Thumb Code     0  printf8.o(i.__0sprintf$8)
    __2sprintf                               0x08005ba1   Thumb Code     0  printf8.o(i.__0sprintf$8)
    __scatterload_copy                       0x08005bc9   Thumb Code    14  handlers.o(i.__scatterload_copy)
    __scatterload_null                       0x08005bd7   Thumb Code     2  handlers.o(i.__scatterload_null)
    __scatterload_zeroinit                   0x08005bd9   Thumb Code    14  handlers.o(i.__scatterload_zeroinit)
    fputc                                    0x08006049   Thumb Code    22  bsp_debug_usart.o(i.fputc)
    main                                     0x08006065   Thumb Code   118  main.o(i.main)
    AHBPrescTable                            0x080060da   Data          16  system_stm32f4xx.o(.constdata)
    APBPrescTable                            0x080060ea   Data           8  system_stm32f4xx.o(.constdata)
    Font24_Table                             0x080060f2   Data        6840  bsp_lcd.o(.constdata)
    Font20_Table                             0x08007baa   Data        3800  bsp_lcd.o(.constdata)
    Font16_Table                             0x08008a82   Data        3040  bsp_lcd.o(.constdata)
    Font12_Table                             0x08009662   Data        1140  bsp_lcd.o(.constdata)
    Font8_Table                              0x08009ad6   Data         760  bsp_lcd.o(.constdata)
    lcd_param                                0x08009dce   Data          36  bsp_lcd.o(.constdata)
    touch_param                              0x08009df4   Data          30  bsp_touch_gtxx.o(.constdata)
    Region$$Table$$Base                      0x08009ec4   Number         0  anon$$obj.o(Region$$Table)
    Region$$Table$$Limit                     0x08009ee4   Number         0  anon$$obj.o(Region$$Table)
    SystemCoreClock                          0x20000000   Data           4  system_stm32f4xx.o(.data)
    uwTick                                   0x20000004   Data           4  stm32f4xx_hal.o(.data)
    uwTickPrio                               0x20000008   Data           4  stm32f4xx_hal.o(.data)
    uwTickFreq                               0x2000000c   Data           1  stm32f4xx_hal.o(.data)
    Font24                                   0x20000010   Data           8  bsp_lcd.o(.data)
    Font20                                   0x20000018   Data           8  bsp_lcd.o(.data)
    Font16                                   0x20000020   Data           8  bsp_lcd.o(.data)
    Font12                                   0x20000028   Data           8  bsp_lcd.o(.data)
    Font8                                    0x20000030   Data           8  bsp_lcd.o(.data)
    cur_lcd                                  0x2000003c   Data           1  bsp_lcd.o(.data)
    touchIC                                  0x2000003d   Data           1  bsp_touch_gtxx.o(.data)
    __stdout                                 0x20000040   Data           4  stdout.o(.data)
    UartHandle                               0x20000044   Data          64  bsp_debug_usart.o(.bss)
    hsdram1                                  0x20000094   Data          52  bsp_sdram.o(.bss)
    I2C_Handle                               0x200001f8   Data          84  bsp_i2c_touch.o(.bss)
    __initial_sp                             0x20000650   Data           0  startup_stm32f429xx.o(STACK)



==============================================================================

Memory Map of the image

  Image Entry point : 0x080001ad

  Load Region LR_IROM1 (Base: 0x08000000, Size: 0x00009f28, Max: 0x00100000, ABSOLUTE)

    Execution Region ER_IROM1 (Exec base: 0x08000000, Load base: 0x08000000, Size: 0x00009ee4, Max: 0x00100000, ABSOLUTE)

    Exec Addr    Load Addr    Size         Type   Attr      Idx    E Section Name        Object

    0x08000000   0x08000000   0x000001ac   Data   RO            3    RESET               startup_stm32f429xx.o
    0x080001ac   0x080001ac   0x00000000   Code   RO         9630  * .ARM.Collect$$$$00000000  mc_w.l(entry.o)
    0x080001ac   0x080001ac   0x00000004   Code   RO         9900    .ARM.Collect$$$$00000001  mc_w.l(entry2.o)
    0x080001b0   0x080001b0   0x00000004   Code   RO         9903    .ARM.Collect$$$$00000004  mc_w.l(entry5.o)
    0x080001b4   0x080001b4   0x00000000   Code   RO         9905    .ARM.Collect$$$$00000008  mc_w.l(entry7b.o)
    0x080001b4   0x080001b4   0x00000000   Code   RO         9907    .ARM.Collect$$$$0000000A  mc_w.l(entry8b.o)
    0x080001b4   0x080001b4   0x00000008   Code   RO         9908    .ARM.Collect$$$$0000000B  mc_w.l(entry9a.o)
    0x080001bc   0x080001bc   0x00000004   Code   RO         9915    .ARM.Collect$$$$0000000E  mc_w.l(entry12b.o)
    0x080001c0   0x080001c0   0x00000000   Code   RO         9910    .ARM.Collect$$$$0000000F  mc_w.l(entry10a.o)
    0x080001c0   0x080001c0   0x00000000   Code   RO         9912    .ARM.Collect$$$$00000011  mc_w.l(entry11a.o)
    0x080001c0   0x080001c0   0x00000004   Code   RO         9901    .ARM.Collect$$$$00002712  mc_w.l(entry2.o)
    0x080001c4   0x080001c4   0x00000024   Code   RO            4    .text               startup_stm32f429xx.o
    0x080001e8   0x080001e8   0x00000062   Code   RO         9633    .text               mc_w.l(uldiv.o)
    0x0800024a   0x0800024a   0x00000024   Code   RO         9635    .text               mc_w.l(memcpya.o)
    0x0800026e   0x0800026e   0x0000001e   Code   RO         9919    .text               mc_w.l(llshl.o)
    0x0800028c   0x0800028c   0x00000020   Code   RO         9921    .text               mc_w.l(llushr.o)
    0x080002ac   0x080002ac   0x00000024   Code   RO         9934    .text               mc_w.l(init.o)
    0x080002d0   0x080002d0   0x00000004   Code   RO         8962    i.BusFault_Handler  stm32f4xx_it.o
    0x080002d4   0x080002d4   0x0000002c   Code   RO         9043    i.DEBUG_USART_Config  bsp_debug_usart.o
    0x08000300   0x08000300   0x000000f2   Code   RO         1541    i.DMA2D_SetConfig   stm32f4xx_hal_dma2d.o
    0x080003f2   0x080003f2   0x00000002   Code   RO         8963    i.DebugMon_Handler  stm32f4xx_it.o
    0x080003f4   0x080003f4   0x00000012   Code   RO         8892    i.Delay             main.o
    0x08000406   0x08000406   0x00000012   Code   RO         9491    i.Delay             bsp_i2c_touch.o
    0x08000418   0x08000418   0x00000104   Code   RO         9182    i.DrawChar          bsp_lcd.o
    0x0800051c   0x0800051c   0x00000002   Code   RO         8964    i.EXTI0_IRQHandler  stm32f4xx_it.o
    0x0800051e   0x0800051e   0x00000074   Code   RO         8168    i.FMC_SDRAM_Init    stm32f4xx_ll_fmc.o
    0x08000592   0x08000592   0x0000000e   Code   RO         8169    i.FMC_SDRAM_ProgramRefreshRate  stm32f4xx_ll_fmc.o
    0x080005a0   0x080005a0   0x00000052   Code   RO         8170    i.FMC_SDRAM_SendCommand  stm32f4xx_ll_fmc.o
    0x080005f2   0x080005f2   0x00000002   PAD
    0x080005f4   0x080005f4   0x0000009c   Code   RO         8172    i.FMC_SDRAM_Timing_Init  stm32f4xx_ll_fmc.o
    0x08000690   0x08000690   0x00000128   Code   RO         9567    i.GTP_Get_Info      bsp_touch_gtxx.o
    0x080007b8   0x080007b8   0x00000084   Code   RO         9568    i.GTP_I2C_Read      bsp_touch_gtxx.o
    0x0800083c   0x0800083c   0x0000009c   Code   RO         9569    i.GTP_I2C_Test      bsp_touch_gtxx.o
    0x080008d8   0x080008d8   0x0000005c   Code   RO         9571    i.GTP_Init_ReadID   bsp_touch_gtxx.o
    0x08000934   0x08000934   0x000003c8   Code   RO         9572    i.GTP_Read_Version  bsp_touch_gtxx.o
    0x08000cfc   0x08000cfc   0x000000d8   Code   RO         1553    i.HAL_DMA2D_ConfigLayer  stm32f4xx_hal_dma2d.o
    0x08000dd4   0x08000dd4   0x00000060   Code   RO         1561    i.HAL_DMA2D_Init    stm32f4xx_hal_dma2d.o
    0x08000e34   0x08000e34   0x00000002   Code   RO         1564    i.HAL_DMA2D_MspInit  stm32f4xx_hal_dma2d.o
    0x08000e36   0x08000e36   0x00000168   Code   RO         1565    i.HAL_DMA2D_PollForTransfer  stm32f4xx_hal_dma2d.o
    0x08000f9e   0x08000f9e   0x0000004e   Code   RO         1568    i.HAL_DMA2D_Start   stm32f4xx_hal_dma2d.o
    0x08000fec   0x08000fec   0x00000028   Code   RO          286    i.HAL_Delay         stm32f4xx_hal.o
    0x08001014   0x08001014   0x0000021c   Code   RO         2099    i.HAL_GPIO_Init     stm32f4xx_hal_gpio.o
    0x08001230   0x08001230   0x0000000c   Code   RO         2103    i.HAL_GPIO_WritePin  stm32f4xx_hal_gpio.o
    0x0800123c   0x0800123c   0x0000000c   Code   RO          294    i.HAL_GetTick       stm32f4xx_hal.o
    0x08001248   0x08001248   0x0000004c   Code   RO         2795    i.HAL_I2CEx_ConfigAnalogFilter  stm32f4xx_hal_i2c_ex.o
    0x08001294   0x08001294   0x00000128   Code   RO         2373    i.HAL_I2C_Init      stm32f4xx_hal_i2c.o
    0x080013bc   0x080013bc   0x00000328   Code   RO         2379    i.HAL_I2C_Master_Receive  stm32f4xx_hal_i2c.o
    0x080016e4   0x080016e4   0x00000194   Code   RO         2384    i.HAL_I2C_Master_Transmit  stm32f4xx_hal_i2c.o
    0x08001878   0x08001878   0x00000002   Code   RO         2396    i.HAL_I2C_MspInit   stm32f4xx_hal_i2c.o
    0x0800187a   0x0800187a   0x00000002   PAD
    0x0800187c   0x0800187c   0x00000018   Code   RO          298    i.HAL_IncTick       stm32f4xx_hal.o
    0x08001894   0x08001894   0x0000004c   Code   RO          300    i.HAL_InitTick      stm32f4xx_hal.o
    0x080018e0   0x080018e0   0x0000005e   Code   RO         3432    i.HAL_LTDC_ConfigLayer  stm32f4xx_hal_ltdc.o
    0x0800193e   0x0800193e   0x00000002   PAD
    0x08001940   0x08001940   0x0000011c   Code   RO         3449    i.HAL_LTDC_Init     stm32f4xx_hal_ltdc.o
    0x08001a5c   0x08001a5c   0x00000002   Code   RO         3452    i.HAL_LTDC_MspInit  stm32f4xx_hal_ltdc.o
    0x08001a5e   0x08001a5e   0x0000005c   Code   RO         3458    i.HAL_LTDC_SetAlpha  stm32f4xx_hal_ltdc.o
    0x08001aba   0x08001aba   0x00000002   PAD
    0x08001abc   0x08001abc   0x0000001c   Code   RO          759    i.HAL_NVIC_DisableIRQ  stm32f4xx_hal_cortex.o
    0x08001ad8   0x08001ad8   0x0000001a   Code   RO          760    i.HAL_NVIC_EnableIRQ  stm32f4xx_hal_cortex.o
    0x08001af2   0x08001af2   0x0000007c   Code   RO          766    i.HAL_NVIC_SetPriority  stm32f4xx_hal_cortex.o
    0x08001b6e   0x08001b6e   0x00000002   PAD
    0x08001b70   0x08001b70   0x0000008c   Code   RO         4485    i.HAL_PWREx_EnableOverDrive  stm32f4xx_hal_pwr_ex.o
    0x08001bfc   0x08001bfc   0x000002d8   Code   RO         4677    i.HAL_RCCEx_PeriphCLKConfig  stm32f4xx_hal_rcc_ex.o
    0x08001ed4   0x08001ed4   0x00000180   Code   RO         4570    i.HAL_RCC_ClockConfig  stm32f4xx_hal_rcc.o
    0x08002054   0x08002054   0x0000000c   Code   RO         4575    i.HAL_RCC_GetHCLKFreq  stm32f4xx_hal_rcc.o
    0x08002060   0x08002060   0x00000020   Code   RO         4577    i.HAL_RCC_GetPCLK1Freq  stm32f4xx_hal_rcc.o
    0x08002080   0x08002080   0x00000020   Code   RO         4578    i.HAL_RCC_GetPCLK2Freq  stm32f4xx_hal_rcc.o
    0x080020a0   0x080020a0   0x000000b0   Code   RO         4579    i.HAL_RCC_GetSysClockFreq  stm32f4xx_hal_rcc.o
    0x08002150   0x08002150   0x00000448   Code   RO         4582    i.HAL_RCC_OscConfig  stm32f4xx_hal_rcc.o
    0x08002598   0x08002598   0x00000040   Code   RO         5755    i.HAL_SDRAM_Init    stm32f4xx_hal_sdram.o
    0x080025d8   0x080025d8   0x00000002   Code   RO         5757    i.HAL_SDRAM_MspInit  stm32f4xx_hal_sdram.o
    0x080025da   0x080025da   0x00000028   Code   RO         5758    i.HAL_SDRAM_ProgramRefreshRate  stm32f4xx_hal_sdram.o
    0x08002602   0x08002602   0x0000003a   Code   RO         5764    i.HAL_SDRAM_SendCommand  stm32f4xx_hal_sdram.o
    0x0800263c   0x0800263c   0x00000034   Code   RO          771    i.HAL_SYSTICK_Config  stm32f4xx_hal_cortex.o
    0x08002670   0x08002670   0x00000072   Code   RO         7528    i.HAL_UART_Init     stm32f4xx_hal_uart.o
    0x080026e2   0x080026e2   0x00000002   PAD
    0x080026e4   0x080026e4   0x000000b4   Code   RO         9044    i.HAL_UART_MspInit  bsp_debug_usart.o
    0x08002798   0x08002798   0x000000d6   Code   RO         7536    i.HAL_UART_Transmit  stm32f4xx_hal_uart.o
    0x0800286e   0x0800286e   0x00000004   Code   RO         8965    i.HardFault_Handler  stm32f4xx_it.o
    0x08002872   0x08002872   0x00000002   PAD
    0x08002874   0x08002874   0x00000114   Code   RO         9492    i.I2C_GPIO_Config   bsp_i2c_touch.o
    0x08002988   0x08002988   0x00000054   Code   RO         9493    i.I2C_GTP_IRQDisable  bsp_i2c_touch.o
    0x080029dc   0x080029dc   0x00000034   Code   RO         2411    i.I2C_IsAcknowledgeFailed  stm32f4xx_hal_i2c.o
    0x08002a10   0x08002a10   0x00000130   Code   RO         2414    i.I2C_MasterRequestRead  stm32f4xx_hal_i2c.o
    0x08002b40   0x08002b40   0x000000c0   Code   RO         2415    i.I2C_MasterRequestWrite  stm32f4xx_hal_i2c.o
    0x08002c00   0x08002c00   0x00000040   Code   RO         9495    i.I2C_Mode_Config   bsp_i2c_touch.o
    0x08002c40   0x08002c40   0x0000002c   Code   RO         9496    i.I2C_ReadBytes     bsp_i2c_touch.o
    0x08002c6c   0x08002c6c   0x00000088   Code   RO         9497    i.I2C_ResetChip     bsp_i2c_touch.o
    0x08002cf4   0x08002cf4   0x00000014   Code   RO         9498    i.I2C_Touch_Init    bsp_i2c_touch.o
    0x08002d08   0x08002d08   0x0000007e   Code   RO         9573    i.I2C_Transfer      bsp_touch_gtxx.o
    0x08002d86   0x08002d86   0x00000056   Code   RO         2430    i.I2C_WaitOnBTFFlagUntilTimeout  stm32f4xx_hal_i2c.o
    0x08002ddc   0x08002ddc   0x0000007c   Code   RO         2431    i.I2C_WaitOnFlagUntilTimeout  stm32f4xx_hal_i2c.o
    0x08002e58   0x08002e58   0x000000ac   Code   RO         2432    i.I2C_WaitOnMasterAddressFlagUntilTimeout  stm32f4xx_hal_i2c.o
    0x08002f04   0x08002f04   0x0000006e   Code   RO         2433    i.I2C_WaitOnRXNEFlagUntilTimeout  stm32f4xx_hal_i2c.o
    0x08002f72   0x08002f72   0x00000056   Code   RO         2435    i.I2C_WaitOnTXEFlagUntilTimeout  stm32f4xx_hal_i2c.o
    0x08002fc8   0x08002fc8   0x0000002c   Code   RO         9499    i.I2C_WriteBytes    bsp_i2c_touch.o
    0x08002ff4   0x08002ff4   0x00000040   Code   RO         9184    i.LCD_Clear         bsp_lcd.o
    0x08003034   0x08003034   0x0000008c   Code   RO         9185    i.LCD_ClearLine     bsp_lcd.o
    0x080030c0   0x080030c0   0x00000068   Code   RO         9187    i.LCD_DisplayChar   bsp_lcd.o
    0x08003128   0x08003128   0x00000030   Code   RO         9189    i.LCD_DisplayOn     bsp_lcd.o
    0x08003158   0x08003158   0x00000128   Code   RO         9190    i.LCD_DisplayStringAt  bsp_lcd.o
    0x08003280   0x08003280   0x0000001e   Code   RO         9191    i.LCD_DisplayStringLine  bsp_lcd.o
    0x0800329e   0x0800329e   0x00000002   PAD
    0x080032a0   0x080032a0   0x00000128   Code   RO         9193    i.LCD_DrawCircle    bsp_lcd.o
    0x080033c8   0x080033c8   0x00000144   Code   RO         9195    i.LCD_DrawHLine     bsp_lcd.o
    0x0800350c   0x0800350c   0x0000013c   Code   RO         9196    i.LCD_DrawLine      bsp_lcd.o
    0x08003648   0x08003648   0x0000015c   Code   RO         9197    i.LCD_DrawPixel     bsp_lcd.o
    0x080037a4   0x080037a4   0x0000003c   Code   RO         9199    i.LCD_DrawRect      bsp_lcd.o
    0x080037e0   0x080037e0   0x00000148   Code   RO         9200    i.LCD_DrawVLine     bsp_lcd.o
    0x08003928   0x08003928   0x000000b8   Code   RO         9201    i.LCD_FillCircle    bsp_lcd.o
    0x080039e0   0x080039e0   0x0000015c   Code   RO         9204    i.LCD_FillRect      bsp_lcd.o
    0x08003b3c   0x08003b3c   0x000005cc   Code   RO         9205    i.LCD_GPIO_Config   bsp_lcd.o
    0x08004108   0x08004108   0x0000001c   Code   RO         9207    i.LCD_GetFont       bsp_lcd.o
    0x08004124   0x08004124   0x00000020   Code   RO         9209    i.LCD_GetXSize      bsp_lcd.o
    0x08004144   0x08004144   0x00000020   Code   RO         9210    i.LCD_GetYSize      bsp_lcd.o
    0x08004164   0x08004164   0x00000248   Code   RO         9211    i.LCD_Init          bsp_lcd.o
    0x080043ac   0x080043ac   0x000000a0   Code   RO         9212    i.LCD_LayerInit     bsp_lcd.o
    0x0800444c   0x0800444c   0x0000000c   Code   RO         9214    i.LCD_SelectLayer   bsp_lcd.o
    0x08004458   0x08004458   0x0000001c   Code   RO         9215    i.LCD_SetBackColor  bsp_lcd.o
    0x08004474   0x08004474   0x00000014   Code   RO         9216    i.LCD_SetColors     bsp_lcd.o
    0x08004488   0x08004488   0x0000001c   Code   RO         9217    i.LCD_SetFont       bsp_lcd.o
    0x080044a4   0x080044a4   0x00000018   Code   RO         9221    i.LCD_SetTextColor  bsp_lcd.o
    0x080044bc   0x080044bc   0x00000018   Code   RO         9222    i.LCD_SetTransparency  bsp_lcd.o
    0x080044d4   0x080044d4   0x000005a4   Code   RO         8893    i.LCD_Test          main.o
    0x08004a78   0x08004a78   0x000000b0   Code   RO         9098    i.LED_GPIO_Config   bsp_led.o
    0x08004b28   0x08004b28   0x00000100   Code   RO         9226    i.LL_FillBuffer     bsp_lcd.o
    0x08004c28   0x08004c28   0x00000212   Code   RO         3468    i.LTDC_SetConfig    stm32f4xx_hal_ltdc.o
    0x08004e3a   0x08004e3a   0x00000004   Code   RO         8966    i.MemManage_Handler  stm32f4xx_it.o
    0x08004e3e   0x08004e3e   0x00000002   Code   RO         8967    i.NMI_Handler       stm32f4xx_it.o
    0x08004e40   0x08004e40   0x00000010   Code   RO          773    i.NVIC_GetPriorityGrouping  stm32f4xx_hal_cortex.o
    0x08004e50   0x08004e50   0x00000028   Code   RO          774    i.NVIC_SetPriority  stm32f4xx_hal_cortex.o
    0x08004e78   0x08004e78   0x00000002   Code   RO         8968    i.PendSV_Handler    stm32f4xx_it.o
    0x08004e7a   0x08004e7a   0x00000002   PAD
    0x08004e7c   0x08004e7c   0x000006c8   Code   RO         9122    i.SDRAM_GPIO_Config  bsp_sdram.o
    0x08005544   0x08005544   0x00000094   Code   RO         9123    i.SDRAM_Init        bsp_sdram.o
    0x080055d8   0x080055d8   0x00000094   Code   RO         9124    i.SDRAM_InitSequence  bsp_sdram.o
    0x0800566c   0x0800566c   0x00000024   Code   RO         9128    i.SDRAM_delay       bsp_sdram.o
    0x08005690   0x08005690   0x00000002   Code   RO         8969    i.SVC_Handler       stm32f4xx_it.o
    0x08005692   0x08005692   0x00000008   Code   RO         8970    i.SysTick_Handler   stm32f4xx_it.o
    0x0800569a   0x0800569a   0x00000002   PAD
    0x0800569c   0x0800569c   0x000000a8   Code   RO         8894    i.SystemClock_Config  main.o
    0x08005744   0x08005744   0x00000064   Code   RO           14    i.SystemInit        system_stm32f4xx.o
    0x080057a8   0x080057a8   0x00000368   Code   RO         7555    i.UART_SetConfig    stm32f4xx_hal_uart.o
    0x08005b10   0x08005b10   0x0000006c   Code   RO         7557    i.UART_WaitOnFlagUntilTimeout  stm32f4xx_hal_uart.o
    0x08005b7c   0x08005b7c   0x00000004   Code   RO         8971    i.UsageFault_Handler  stm32f4xx_it.o
    0x08005b80   0x08005b80   0x00000020   Code   RO         9846    i.__0printf$8       mc_w.l(printf8.o)
    0x08005ba0   0x08005ba0   0x00000028   Code   RO         9848    i.__0sprintf$8      mc_w.l(printf8.o)
    0x08005bc8   0x08005bc8   0x0000000e   Code   RO         9942    i.__scatterload_copy  mc_w.l(handlers.o)
    0x08005bd6   0x08005bd6   0x00000002   Code   RO         9943    i.__scatterload_null  mc_w.l(handlers.o)
    0x08005bd8   0x08005bd8   0x0000000e   Code   RO         9944    i.__scatterload_zeroinit  mc_w.l(handlers.o)
    0x08005be6   0x08005be6   0x00000002   PAD
    0x08005be8   0x08005be8   0x00000404   Code   RO         9853    i._printf_core      mc_w.l(printf8.o)
    0x08005fec   0x08005fec   0x00000024   Code   RO         9854    i._printf_post_padding  mc_w.l(printf8.o)
    0x08006010   0x08006010   0x0000002e   Code   RO         9855    i._printf_pre_padding  mc_w.l(printf8.o)
    0x0800603e   0x0800603e   0x0000000a   Code   RO         9857    i._sputc            mc_w.l(printf8.o)
    0x08006048   0x08006048   0x0000001c   Code   RO         9047    i.fputc             bsp_debug_usart.o
    0x08006064   0x08006064   0x00000076   Code   RO         8895    i.main              main.o
    0x080060da   0x080060da   0x00000018   Data   RO           15    .constdata          system_stm32f4xx.o
    0x080060f2   0x080060f2   0x00003d00   Data   RO         9228    .constdata          bsp_lcd.o
    0x08009df2   0x08009df2   0x00000002   PAD
    0x08009df4   0x08009df4   0x0000007d   Data   RO         9574    .constdata          bsp_touch_gtxx.o
    0x08009e71   0x08009e71   0x00000003   PAD
    0x08009e74   0x08009e74   0x00000050   Data   RO         9575    .conststring        bsp_touch_gtxx.o
    0x08009ec4   0x08009ec4   0x00000020   Data   RO         9940    Region$$Table       anon$$obj.o


    Execution Region RW_IRAM1 (Exec base: 0x20000000, Load base: 0x08009ee4, Size: 0x00000650, Max: 0x00030000, ABSOLUTE)

    Exec Addr    Load Addr    Size         Type   Attr      Idx    E Section Name        Object

    0x20000000   0x08009ee4   0x00000004   Data   RW           16    .data               system_stm32f4xx.o
    0x20000004   0x08009ee8   0x00000009   Data   RW          306    .data               stm32f4xx_hal.o
    0x2000000d   0x08009ef1   0x00000001   Data   RW         8896    .data               main.o
    0x2000000e   0x08009ef2   0x00000002   PAD
    0x20000010   0x08009ef4   0x0000002d   Data   RW         9229    .data               bsp_lcd.o
    0x2000003d   0x08009f21   0x00000001   Data   RW         9576    .data               bsp_touch_gtxx.o
    0x2000003e   0x08009f22   0x00000002   PAD
    0x20000040   0x08009f24   0x00000004   Data   RW         9916    .data               mc_w.l(stdout.o)
    0x20000044        -       0x00000040   Zero   RW         9048    .bss                bsp_debug_usart.o
    0x20000084        -       0x00000044   Zero   RW         9129    .bss                bsp_sdram.o
    0x200000c8        -       0x00000130   Zero   RW         9227    .bss                bsp_lcd.o
    0x200001f8        -       0x00000054   Zero   RW         9500    .bss                bsp_i2c_touch.o
    0x2000024c   0x08009f28   0x00000004   PAD
    0x20000250        -       0x00000400   Zero   RW            1    STACK               startup_stm32f429xx.o


==============================================================================

Image component sizes


      Code (inc. data)   RO Data    RW Data    ZI Data      Debug   Object Name

       252         24          0          0         64       2670   bsp_debug_usart.o
       686         64          0          0         84       6095   bsp_i2c_touch.o
      5858        308      15616         45        304      31598   bsp_lcd.o
       176          8          0          0          0       1050   bsp_led.o
      2068         58          0          0         68       5039   bsp_sdram.o
      1770        532        205          1          0       8927   bsp_touch_gtxx.o
      1748        388          0          1          0       3326   main.o
        36          8        428          0       1024        984   startup_stm32f429xx.o
       152         30          0          9          0       4250   stm32f4xx_hal.o
       286         20          0          0          0      31102   stm32f4xx_hal_cortex.o
       994          4          0          0          0       6475   stm32f4xx_hal_dma2d.o
       552         54          0          0          0       2452   stm32f4xx_hal_gpio.o
      2636         42          0          0          0      12332   stm32f4xx_hal_i2c.o
        76          0          0          0          0       1187   stm32f4xx_hal_i2c_ex.o
      1002          6          0          0          0       4502   stm32f4xx_hal_ltdc.o
       140         12          0          0          0       1368   stm32f4xx_hal_pwr_ex.o
      1732         84          0          0          0       5836   stm32f4xx_hal_rcc.o
       728         24          0          0          0       1664   stm32f4xx_hal_rcc_ex.o
       164          0          0          0          0       3500   stm32f4xx_hal_sdram.o
      1308          8          0          0          0       3948   stm32f4xx_hal_uart.o
        34          0          0          0          0       4981   stm32f4xx_it.o
       368          4          0          0          0       3736   stm32f4xx_ll_fmc.o
       100         18         24          4          0     752083   system_stm32f4xx.o

    ----------------------------------------------------------------------
     22886       1696      16310         64       1548     899105   Object Totals
         0          0         32          0          0          0   (incl. Generated)
        20          0          5          4          4          0   (incl. Padding)

    ----------------------------------------------------------------------

      Code (inc. data)   RO Data    RW Data    ZI Data      Debug   Library Member Name

         0          0          0          0          0          0   entry.o
         0          0          0          0          0          0   entry10a.o
         0          0          0          0          0          0   entry11a.o
         4          0          0          0          0          0   entry12b.o
         8          4          0          0          0          0   entry2.o
         4          0          0          0          0          0   entry5.o
         0          0          0          0          0          0   entry7b.o
         0          0          0          0          0          0   entry8b.o
         8          4          0          0          0          0   entry9a.o
        30          0          0          0          0          0   handlers.o
        36          8          0          0          0         68   init.o
        30          0          0          0          0         68   llshl.o
        32          0          0          0          0         68   llushr.o
        36          0          0          0          0         68   memcpya.o
      1192         60          0          0          0        504   printf8.o
         0          0          0          4          0          0   stdout.o
        98          0          0          0          0         92   uldiv.o

    ----------------------------------------------------------------------
      1480         76          0          4          0        868   Library Totals
         2          0          0          0          0          0   (incl. Padding)

    ----------------------------------------------------------------------

      Code (inc. data)   RO Data    RW Data    ZI Data      Debug   Library Name

      1478         76          0          4          0        868   mc_w.l

    ----------------------------------------------------------------------
      1480         76          0          4          0        868   Library Totals

    ----------------------------------------------------------------------

==============================================================================


      Code (inc. data)   RO Data    RW Data    ZI Data      Debug   

     24366       1772      16310         68       1548     888361   Grand Totals
     24366       1772      16310         68       1548     888361   ELF Image Totals
     24366       1772      16310         68          0          0   ROM Totals

==============================================================================

    Total RO  Size (Code + RO Data)                40676 (  39.72kB)
    Total RW  Size (RW Data + ZI Data)              1616 (   1.58kB)
    Total ROM Size (Code + RO Data + RW Data)      40744 (  39.79kB)

==============================================================================

